Archive member included to satisfy reference by file (symbol)

c:/st/stm32cubeide_1.6.1/stm32cubeide/plugins/com.st.stm32cube.ide.mcu.externaltools.gnu-tools-for-stm32.9-2020-q2-update.win32_1.5.0.202011040924/tools/bin/../lib/gcc/arm-none-eabi/9.3.1/../../../../arm-none-eabi/lib/thumb/v7e-m+fp/hard\libc_nano.a(lib_a-errno.o)
                              Core/Src/syscalls.o (__errno)
c:/st/stm32cubeide_1.6.1/stm32cubeide/plugins/com.st.stm32cube.ide.mcu.externaltools.gnu-tools-for-stm32.9-2020-q2-update.win32_1.5.0.202011040924/tools/bin/../lib/gcc/arm-none-eabi/9.3.1/../../../../arm-none-eabi/lib/thumb/v7e-m+fp/hard\libc_nano.a(lib_a-exit.o)
                              c:/st/stm32cubeide_1.6.1/stm32cubeide/plugins/com.st.stm32cube.ide.mcu.externaltools.gnu-tools-for-stm32.9-2020-q2-update.win32_1.5.0.202011040924/tools/bin/../lib/gcc/arm-none-eabi/9.3.1/../../../../arm-none-eabi/lib/thumb/v7e-m+fp/hard/crt0.o (exit)
c:/st/stm32cubeide_1.6.1/stm32cubeide/plugins/com.st.stm32cube.ide.mcu.externaltools.gnu-tools-for-stm32.9-2020-q2-update.win32_1.5.0.202011040924/tools/bin/../lib/gcc/arm-none-eabi/9.3.1/../../../../arm-none-eabi/lib/thumb/v7e-m+fp/hard\libc_nano.a(lib_a-impure.o)
                              c:/st/stm32cubeide_1.6.1/stm32cubeide/plugins/com.st.stm32cube.ide.mcu.externaltools.gnu-tools-for-stm32.9-2020-q2-update.win32_1.5.0.202011040924/tools/bin/../lib/gcc/arm-none-eabi/9.3.1/../../../../arm-none-eabi/lib/thumb/v7e-m+fp/hard\libc_nano.a(lib_a-exit.o) (_global_impure_ptr)
c:/st/stm32cubeide_1.6.1/stm32cubeide/plugins/com.st.stm32cube.ide.mcu.externaltools.gnu-tools-for-stm32.9-2020-q2-update.win32_1.5.0.202011040924/tools/bin/../lib/gcc/arm-none-eabi/9.3.1/../../../../arm-none-eabi/lib/thumb/v7e-m+fp/hard\libc_nano.a(lib_a-init.o)
                              c:/st/stm32cubeide_1.6.1/stm32cubeide/plugins/com.st.stm32cube.ide.mcu.externaltools.gnu-tools-for-stm32.9-2020-q2-update.win32_1.5.0.202011040924/tools/bin/../lib/gcc/arm-none-eabi/9.3.1/../../../../arm-none-eabi/lib/thumb/v7e-m+fp/hard/crt0.o (__libc_init_array)
c:/st/stm32cubeide_1.6.1/stm32cubeide/plugins/com.st.stm32cube.ide.mcu.externaltools.gnu-tools-for-stm32.9-2020-q2-update.win32_1.5.0.202011040924/tools/bin/../lib/gcc/arm-none-eabi/9.3.1/../../../../arm-none-eabi/lib/thumb/v7e-m+fp/hard\libc_nano.a(lib_a-memset.o)
                              c:/st/stm32cubeide_1.6.1/stm32cubeide/plugins/com.st.stm32cube.ide.mcu.externaltools.gnu-tools-for-stm32.9-2020-q2-update.win32_1.5.0.202011040924/tools/bin/../lib/gcc/arm-none-eabi/9.3.1/../../../../arm-none-eabi/lib/thumb/v7e-m+fp/hard/crt0.o (memset)
c:/st/stm32cubeide_1.6.1/stm32cubeide/plugins/com.st.stm32cube.ide.mcu.externaltools.gnu-tools-for-stm32.9-2020-q2-update.win32_1.5.0.202011040924/tools/bin/../lib/gcc/arm-none-eabi/9.3.1/../../../../arm-none-eabi/lib/thumb/v7e-m+fp/hard\libc_nano.a(lib_a-nano-vfprintf_float.o)
                              (_printf_float)
c:/st/stm32cubeide_1.6.1/stm32cubeide/plugins/com.st.stm32cube.ide.mcu.externaltools.gnu-tools-for-stm32.9-2020-q2-update.win32_1.5.0.202011040924/tools/bin/../lib/gcc/arm-none-eabi/9.3.1/../../../../arm-none-eabi/lib/thumb/v7e-m+fp/hard\libc_nano.a(lib_a-nano-vfprintf_i.o)
                              c:/st/stm32cubeide_1.6.1/stm32cubeide/plugins/com.st.stm32cube.ide.mcu.externaltools.gnu-tools-for-stm32.9-2020-q2-update.win32_1.5.0.202011040924/tools/bin/../lib/gcc/arm-none-eabi/9.3.1/../../../../arm-none-eabi/lib/thumb/v7e-m+fp/hard\libc_nano.a(lib_a-nano-vfprintf_float.o) (_printf_common)
c:/st/stm32cubeide_1.6.1/stm32cubeide/plugins/com.st.stm32cube.ide.mcu.externaltools.gnu-tools-for-stm32.9-2020-q2-update.win32_1.5.0.202011040924/tools/bin/../lib/gcc/arm-none-eabi/9.3.1/../../../../arm-none-eabi/lib/thumb/v7e-m+fp/hard\libc_nano.a(lib_a-nano-vfscanf_float.o)
                              (_scanf_float)
c:/st/stm32cubeide_1.6.1/stm32cubeide/plugins/com.st.stm32cube.ide.mcu.externaltools.gnu-tools-for-stm32.9-2020-q2-update.win32_1.5.0.202011040924/tools/bin/../lib/gcc/arm-none-eabi/9.3.1/../../../../arm-none-eabi/lib/thumb/v7e-m+fp/hard\libc_nano.a(lib_a-sf_nan.o)
                              c:/st/stm32cubeide_1.6.1/stm32cubeide/plugins/com.st.stm32cube.ide.mcu.externaltools.gnu-tools-for-stm32.9-2020-q2-update.win32_1.5.0.202011040924/tools/bin/../lib/gcc/arm-none-eabi/9.3.1/../../../../arm-none-eabi/lib/thumb/v7e-m+fp/hard\libc_nano.a(lib_a-nano-vfscanf_float.o) (nanf)
c:/st/stm32cubeide_1.6.1/stm32cubeide/plugins/com.st.stm32cube.ide.mcu.externaltools.gnu-tools-for-stm32.9-2020-q2-update.win32_1.5.0.202011040924/tools/bin/../lib/gcc/arm-none-eabi/9.3.1/../../../../arm-none-eabi/lib/thumb/v7e-m+fp/hard\libc_nano.a(lib_a-sprintf.o)
                              Core/Src/gps.o (sprintf)
[...]
Memory Configuration

Name             Origin             Length             Attributes
CCMRAM           0x0000000010000000 0x0000000000010000 xrw
RAM              0x0000000020000000 0x0000000000020000 xrw
FLASH            0x0000000008000000 0x0000000000100000 xr
*default*        0x0000000000000000 0xffffffffffffffff

Linker script and memory map

LOAD c:/st/stm32cubeide_1.6.1/stm32cubeide/plugins/com.st.stm32cube.ide.mcu.externaltools.gnu-tools-for-stm32.9-2020-q2-update.win32_1.5.0.202011040924/tools/bin/../lib/gcc/arm-none-eabi/9.3.1/thumb/v7e-m+fp/hard/crti.o
LOAD c:/st/stm32cubeide_1.6.1/stm32cubeide/plugins/com.st.stm32cube.ide.mcu.externaltools.gnu-tools-for-stm32.9-2020-q2-update.win32_1.5.0.202011040924/tools/bin/../lib/gcc/arm-none-eabi/9.3.1/thumb/v7e-m+fp/hard/crtbegin.o
LOAD c:/st/stm32cubeide_1.6.1/stm32cubeide/plugins/com.st.stm32cube.ide.mcu.externaltools.gnu-tools-for-stm32.9-2020-q2-update.win32_1.5.0.202011040924/tools/bin/../lib/gcc/arm-none-eabi/9.3.1/../../../../arm-none-eabi/lib/thumb/v7e-m+fp/hard/crt0.o
LOAD Core/Src/adc.o
LOAD Core/Src/bmi160.o
LOAD Core/Src/bmp280.o
LOAD Core/Src/gpio.o
LOAD Core/Src/gps.o
LOAD Core/Src/i2c.o
LOAD Core/Src/main.o
LOAD Core/Src/rtc.o
LOAD Core/Src/sdio.o
LOAD Core/Src/spi.o
LOAD Core/Src/stm32f4xx_hal_msp.o
LOAD Core/Src/stm32f4xx_it.o
LOAD Core/Src/sx1276.o
LOAD Core/Src/syscalls.o
LOAD Core/Src/sysmem.o
LOAD Core/Src/system_stm32f4xx.o
LOAD Core/Src/tim.o
LOAD Core/Src/usart.o
LOAD Core/Startup/startup_stm32f405rgtx.o
LOAD Drivers/STM32F4xx_HAL_Driver/Src/stm32f4xx_hal.o
LOAD Drivers/STM32F4xx_HAL_Driver/Src/stm32f4xx_hal_adc.o
LOAD Drivers/STM32F4xx_HAL_Driver/Src/stm32f4xx_hal_adc_ex.o
LOAD Drivers/STM32F4xx_HAL_Driver/Src/stm32f4xx_hal_cortex.o
LOAD Drivers/STM32F4xx_HAL_Driver/Src/stm32f4xx_hal_dma.o
LOAD Drivers/STM32F4xx_HAL_Driver/Src/stm32f4xx_hal_dma_ex.o
LOAD Drivers/STM32F4xx_HAL_Driver/Src/stm32f4xx_hal_exti.o
LOAD Drivers/STM32F4xx_HAL_Driver/Src/stm32f4xx_hal_flash.o
LOAD Drivers/STM32F4xx_HAL_Driver/Src/stm32f4xx_hal_flash_ex.o
LOAD Drivers/STM32F4xx_HAL_Driver/Src/stm32f4xx_hal_flash_ramfunc.o
LOAD Drivers/STM32F4xx_HAL_Driver/Src/stm32f4xx_hal_gpio.o
LOAD Drivers/STM32F4xx_HAL_Driver/Src/stm32f4xx_hal_i2c.o
LOAD Drivers/STM32F4xx_HAL_Driver/Src/stm32f4xx_hal_i2c_ex.o
LOAD Drivers/STM32F4xx_HAL_Driver/Src/stm32f4xx_hal_pwr.o
LOAD Drivers/STM32F4xx_HAL_Driver/Src/stm32f4xx_hal_pwr_ex.o
LOAD Drivers/STM32F4xx_HAL_Driver/Src/stm32f4xx_hal_rcc.o
LOAD Drivers/STM32F4xx_HAL_Driver/Src/stm32f4xx_hal_rcc_ex.o
LOAD Drivers/STM32F4xx_HAL_Driver/Src/stm32f4xx_hal_rtc.o
LOAD Drivers/STM32F4xx_HAL_Driver/Src/stm32f4xx_hal_rtc_ex.o
LOAD Drivers/STM32F4xx_HAL_Driver/Src/stm32f4xx_hal_sd.o
LOAD Drivers/STM32F4xx_HAL_Driver/Src/stm32f4xx_hal_spi.o
LOAD Drivers/STM32F4xx_HAL_Driver/Src/stm32f4xx_hal_tim.o
LOAD Drivers/STM32F4xx_HAL_Driver/Src/stm32f4xx_hal_tim_ex.o
LOAD Drivers/STM32F4xx_HAL_Driver/Src/stm32f4xx_hal_uart.o
LOAD Drivers/STM32F4xx_HAL_Driver/Src/stm32f4xx_ll_adc.o
LOAD Drivers/STM32F4xx_HAL_Driver/Src/stm32f4xx_ll_sdmmc.o
LOAD FATFS/App/fatfs.o
LOAD FATFS/Target/bsp_driver_sd.o
LOAD FATFS/Target/sd_diskio.o
LOAD Middlewares/Third_Party/FatFs/src/diskio.o
LOAD Middlewares/Third_Party/FatFs/src/ff.o
LOAD Middlewares/Third_Party/FatFs/src/ff_gen_drv.o
LOAD Middlewares/Third_Party/FatFs/src/option/ccsbcs.o
LOAD Middlewares/Third_Party/FatFs/src/option/syscall.o
START GROUP
LOAD c:/st/stm32cubeide_1.6.1/stm32cubeide/plugins/com.st.stm32cube.ide.mcu.externaltools.gnu-tools-for-stm32.9-2020-q2-update.win32_1.5.0.202011040924/tools/bin/../lib/gcc/arm-none-eabi/9.3.1/../../../../arm-none-eabi/lib/thumb/v7e-m+fp/hard\libc_nano.a
LOAD c:/st/stm32cubeide_1.6.1/stm32cubeide/plugins/com.st.stm32cube.ide.mcu.externaltools.gnu-tools-for-stm32.9-2020-q2-update.win32_1.5.0.202011040924/tools/bin/../lib/gcc/arm-none-eabi/9.3.1/../../../../arm-none-eabi/lib/thumb/v7e-m+fp/hard\libm.a
END GROUP
START GROUP
LOAD c:/st/stm32cubeide_1.6.1/stm32cubeide/plugins/com.st.stm32cube.ide.mcu.externaltools.gnu-tools-for-stm32.9-2020-q2-update.win32_1.5.0.202011040924/tools/bin/../lib/gcc/arm-none-eabi/9.3.1/thumb/v7e-m+fp/hard\libgcc.a
LOAD c:/st/stm32cubeide_1.6.1/stm32cubeide/plugins/com.st.stm32cube.ide.mcu.externaltools.gnu-tools-for-stm32.9-2020-q2-update.win32_1.5.0.202011040924/tools/bin/../lib/gcc/arm-none-eabi/9.3.1/../../../../arm-none-eabi/lib/thumb/v7e-m+fp/hard\libc_nano.a
END GROUP
START GROUP
LOAD c:/st/stm32cubeide_1.6.1/stm32cubeide/plugins/com.st.stm32cube.ide.mcu.externaltools.gnu-tools-for-stm32.9-2020-q2-update.win32_1.5.0.202011040924/tools/bin/../lib/gcc/arm-none-eabi/9.3.1/thumb/v7e-m+fp/hard\libgcc.a
LOAD c:/st/stm32cubeide_1.6.1/stm32cubeide/plugins/com.st.stm32cube.ide.mcu.externaltools.gnu-tools-for-stm32.9-2020-q2-update.win32_1.5.0.202011040924/tools/bin/../lib/gcc/arm-none-eabi/9.3.1/../../../../arm-none-eabi/lib/thumb/v7e-m+fp/hard\libc_nano.a
LOAD c:/st/stm32cubeide_1.6.1/stm32cubeide/plugins/com.st.stm32cube.ide.mcu.externaltools.gnu-tools-for-stm32.9-2020-q2-update.win32_1.5.0.202011040924/tools/bin/../lib/gcc/arm-none-eabi/9.3.1/../../../../arm-none-eabi/lib/thumb/v7e-m+fp/hard\libnosys.a
END GROUP
START GROUP
LOAD c:/st/stm32cubeide_1.6.1/stm32cubeide/plugins/com.st.stm32cube.ide.mcu.externaltools.gnu-tools-for-stm32.9-2020-q2-update.win32_1.5.0.202011040924/tools/bin/../lib/gcc/arm-none-eabi/9.3.1/thumb/v7e-m+fp/hard\libgcc.a
LOAD c:/st/stm32cubeide_1.6.1/stm32cubeide/plugins/com.st.stm32cube.ide.mcu.externaltools.gnu-tools-for-stm32.9-2020-q2-update.win32_1.5.0.202011040924/tools/bin/../lib/gcc/arm-none-eabi/9.3.1/../../../../arm-none-eabi/lib/thumb/v7e-m+fp/hard\libc_nano.a
LOAD c:/st/stm32cubeide_1.6.1/stm32cubeide/plugins/com.st.stm32cube.ide.mcu.externaltools.gnu-tools-for-stm32.9-2020-q2-update.win32_1.5.0.202011040924/tools/bin/../lib/gcc/arm-none-eabi/9.3.1/../../../../arm-none-eabi/lib/thumb/v7e-m+fp/hard\libnosys.a
END GROUP
LOAD c:/st/stm32cubeide_1.6.1/stm32cubeide/plugins/com.st.stm32cube.ide.mcu.externaltools.gnu-tools-for-stm32.9-2020-q2-update.win32_1.5.0.202011040924/tools/bin/../lib/gcc/arm-none-eabi/9.3.1/thumb/v7e-m+fp/hard/crtend.o
LOAD c:/st/stm32cubeide_1.6.1/stm32cubeide/plugins/com.st.stm32cube.ide.mcu.externaltools.gnu-tools-for-stm32.9-2020-q2-update.win32_1.5.0.202011040924/tools/bin/../lib/gcc/arm-none-eabi/9.3.1/thumb/v7e-m+fp/hard/crtn.o
                0x0000000020020000                _estack = (ORIGIN (RAM) + LENGTH (RAM))
                0x0000000000000200                _Min_Heap_Size = 0x200
                0x0000000000000400                _Min_Stack_Size = 0x400

.isr_vector     0x0000000008000000      0x188
                0x0000000008000000                . = ALIGN (0x4)
 *(.isr_vector)
 .isr_vector    0x0000000008000000      0x188 Core/Startup/startup_stm32f405rgtx.o
                0x0000000008000000                g_pfnVectors
                0x0000000008000188                . = ALIGN (0x4)

.text           0x0000000008000190    0x14848
                0x0000000008000190                . = ALIGN (0x4)
 *(.text)
 .text          0x0000000008000190       0x40 c:/st/stm32cubeide_1.6.1/stm32cubeide/plugins/com.st.stm32cube.ide.mcu.externaltools.gnu-tools-for-stm32.9-2020-q2-update.win32_1.5.0.202011040924/tools/bin/../lib/gcc/arm-none-eabi/9.3.1/thumb/v7e-m+fp/hard/crtbegin.o
 .text          0x00000000080001d0       0x10 c:/st/stm32cubeide_1.6.1/stm32cubeide/plugins/com.st.stm32cube.ide.mcu.externaltools.gnu-tools-for-stm32.9-2020-q2-update.win32_1.5.0.202011040924/tools/bin/../lib/gcc/arm-none-eabi/9.3.1/../../../../arm-none-eabi/lib/thumb/v7e-m+fp/hard\libc_nano.a(lib_a-strlen.o)
                0x00000000080001d0                strlen
 .text          0x00000000080001e0       0xa0 c:/st/stm32cubeide_1.6.1/stm32cubeide/plugins/com.st.stm32cube.ide.mcu.externaltools.gnu-tools-for-stm32.9-2020-q2-update.win32_1.5.0.202011040924/tools/bin/../lib/gcc/arm-none-eabi/9.3.1/../../../../arm-none-eabi/lib/thumb/v7e-m+fp/hard\libc_nano.a(lib_a-memchr.o)
                0x00000000080001e0                memchr
 .text          0x0000000008000280      0x378 c:/st/stm32cubeide_1.6.1/stm32cubeide/plugins/com.st.stm32cube.ide.mcu.externaltools.gnu-tools-for-stm32.9-2020-q2-update.win32_1.5.0.202011040924/tools/bin/../lib/gcc/arm-none-eabi/9.3.1/thumb/v7e-m+fp/hard\libgcc.a(_arm_addsubdf3.o)
                0x0000000008000280                __aeabi_drsub
                0x0000000008000288                __aeabi_dsub
                0x0000000008000288                __subdf3
                0x000000000800028c                __aeabi_dadd
                0x000000000800028c                __adddf3
                0x0000000008000504                __floatunsidf
                0x0000000008000504                __aeabi_ui2d
                0x0000000008000524                __floatsidf
                0x0000000008000524                __aeabi_i2d
                0x0000000008000548                __aeabi_f2d
                0x0000000008000548                __extendsfdf2
                0x000000000800058c                __floatundidf
                0x000000000800058c                __aeabi_ul2d
                0x000000000800059c                __floatdidf
                0x000000000800059c                __aeabi_l2d
 .text          0x00000000080005f8      0x424 c:/st/stm32cubeide_1.6.1/stm32cubeide/plugins/com.st.stm32cube.ide.mcu.externaltools.gnu-tools-for-stm32.9-2020-q2-update.win32_1.5.0.202011040924/tools/bin/../lib/gcc/arm-none-eabi/9.3.1/thumb/v7e-m+fp/hard\libgcc.a(_arm_muldivdf3.o)
                0x00000000080005f8                __aeabi_dmul
                0x00000000080005f8                __muldf3
                0x000000000800084c                __divdf3
                0x000000000800084c                __aeabi_ddiv
 .text          0x0000000008000a1c      0x110 c:/st/stm32cubeide_1.6.1/stm32cubeide/plugins/com.st.stm32cube.ide.mcu.externaltools.gnu-tools-for-stm32.9-2020-q2-update.win32_1.5.0.202011040924/tools/bin/../lib/gcc/arm-none-eabi/9.3.1/thumb/v7e-m+fp/hard\libgcc.a(_arm_cmpdf2.o)
                0x0000000008000a1c                __gtdf2
                0x0000000008000a1c                __gedf2
                0x0000000008000a24                __ltdf2
                0x0000000008000a24                __ledf2
                0x0000000008000a2c                __nedf2
                0x0000000008000a2c                __eqdf2
                0x0000000008000a2c                __cmpdf2
                0x0000000008000aa8                __aeabi_cdrcmple
                0x0000000008000ab8                __aeabi_cdcmpeq
                0x0000000008000ab8                __aeabi_cdcmple
                0x0000000008000ac8                __aeabi_dcmpeq
                0x0000000008000adc                __aeabi_dcmplt
                0x0000000008000af0                __aeabi_dcmple
                0x0000000008000b04                __aeabi_dcmpge
                0x0000000008000b18                __aeabi_dcmpgt
 .text          0x0000000008000b2c       0x2c c:/st/stm32cubeide_1.6.1/stm32cubeide/plugins/com.st.stm32cube.ide.mcu.externaltools.gnu-tools-for-stm32.9-2020-q2-update.win32_1.5.0.202011040924/tools/bin/../lib/gcc/arm-none-eabi/9.3.1/thumb/v7e-m+fp/hard\libgcc.a(_arm_unorddf2.o)
                0x0000000008000b2c                __unorddf2
                0x0000000008000b2c                __aeabi_dcmpun
 .text          0x0000000008000b58       0x50 c:/st/stm32cubeide_1.6.1/stm32cubeide/plugins/com.st.stm32cube.ide.mcu.externaltools.gnu-tools-for-stm32.9-2020-q2-update.win32_1.5.0.202011040924/tools/bin/../lib/gcc/arm-none-eabi/9.3.1/thumb/v7e-m+fp/hard\libgcc.a(_arm_fixdfsi.o)
                0x0000000008000b58                __aeabi_d2iz
                0x0000000008000b58                __fixdfsi
 .text          0x0000000008000ba8       0x40 c:/st/stm32cubeide_1.6.1/stm32cubeide/plugins/com.st.stm32cube.ide.mcu.externaltools.gnu-tools-for-stm32.9-2020-q2-update.win32_1.5.0.202011040924/tools/bin/../lib/gcc/arm-none-eabi/9.3.1/thumb/v7e-m+fp/hard\libgcc.a(_arm_fixunsdfsi.o)
                0x0000000008000ba8                __aeabi_d2uiz
                0x0000000008000ba8                __fixunsdfsi
 .text          0x0000000008000be8       0xa0 c:/st/stm32cubeide_1.6.1/stm32cubeide/plugins/com.st.stm32cube.ide.mcu.externaltools.gnu-tools-for-stm32.9-2020-q2-update.win32_1.5.0.202011040924/tools/bin/../lib/gcc/arm-none-eabi/9.3.1/thumb/v7e-m+fp/hard\libgcc.a(_arm_truncdfsf2.o)
                0x0000000008000be8                __truncdfsf2
                0x0000000008000be8                __aeabi_d2f
 .text          0x0000000008000c88       0xa0 c:/st/stm32cubeide_1.6.1/stm32cubeide/plugins/com.st.stm32cube.ide.mcu.externaltools.gnu-tools-for-stm32.9-2020-q2-update.win32_1.5.0.202011040924/tools/bin/../lib/gcc/arm-none-eabi/9.3.1/thumb/v7e-m+fp/hard\libgcc.a(_aeabi_ldivmod.o)
                0x0000000008000c88                __aeabi_ldivmod
 .text          0x0000000008000d28       0x30 c:/st/stm32cubeide_1.6.1/stm32cubeide/plugins/com.st.stm32cube.ide.mcu.externaltools.gnu-tools-for-stm32.9-2020-q2-update.win32_1.5.0.202011040924/tools/bin/../lib/gcc/arm-none-eabi/9.3.1/thumb/v7e-m+fp/hard\libgcc.a(_aeabi_uldivmod.o)
                0x0000000008000d28                __aeabi_uldivmod
 .text          0x0000000008000d58       0x30 c:/st/stm32cubeide_1.6.1/stm32cubeide/plugins/com.st.stm32cube.ide.mcu.externaltools.gnu-tools-for-stm32.9-2020-q2-update.win32_1.5.0.202011040924/tools/bin/../lib/gcc/arm-none-eabi/9.3.1/thumb/v7e-m+fp/hard\libgcc.a(_fixdfdi.o)
                0x0000000008000d58                __fixdfdi
                0x0000000008000d58                __aeabi_d2lz
 .text          0x0000000008000d88       0x3c c:/st/stm32cubeide_1.6.1/stm32cubeide/plugins/com.st.stm32cube.ide.mcu.externaltools.gnu-tools-for-stm32.9-2020-q2-update.win32_1.5.0.202011040924/tools/bin/../lib/gcc/arm-none-eabi/9.3.1/thumb/v7e-m+fp/hard\libgcc.a(_fixunsdfdi.o)
                0x0000000008000d88                __fixunsdfdi
                0x0000000008000d88                __aeabi_d2ulz
 .text          0x0000000008000dc4      0x2c4 c:/st/stm32cubeide_1.6.1/stm32cubeide/plugins/com.st.stm32cube.ide.mcu.externaltools.gnu-tools-for-stm32.9-2020-q2-update.win32_1.5.0.202011040924/tools/bin/../lib/gcc/arm-none-eabi/9.3.1/thumb/v7e-m+fp/hard\libgcc.a(_udivmoddi4.o)
                0x0000000008000dc4                __udivmoddi4
 .text          0x0000000008001088        0x4 c:/st/stm32cubeide_1.6.1/stm32cubeide/plugins/com.st.stm32cube.ide.mcu.externaltools.gnu-tools-for-stm32.9-2020-q2-update.win32_1.5.0.202011040924/tools/bin/../lib/gcc/arm-none-eabi/9.3.1/thumb/v7e-m+fp/hard\libgcc.a(_dvmd_tls.o)
                0x0000000008001088                __aeabi_idiv0
                0x0000000008001088                __aeabi_ldiv0
 *(.text*)
 .text.MX_ADC2_Init
                0x000000000800108c       0xa4 Core/Src/adc.o
                0x000000000800108c                MX_ADC2_Init
 .text.HAL_ADC_MspInit
                0x0000000008001130       0x88 Core/Src/adc.o
                0x0000000008001130                HAL_ADC_MspInit
 .text.bmi160_get_regs
                0x00000000080011b8       0xf0 Core/Src/bmi160.o
                0x00000000080011b8                bmi160_get_regs
 .text.bmi160_set_regs
                0x00000000080012a8       0xc6 Core/Src/bmi160.o
                0x00000000080012a8                bmi160_set_regs
 .text.bmi160_init
                0x000000000800136e       0xb6 Core/Src/bmi160.o
                0x000000000800136e                bmi160_init
 .text.bmi160_soft_reset
                0x0000000008001424       0x76 Core/Src/bmi160.o
                0x0000000008001424                bmi160_soft_reset
 .text.bmi160_set_sens_conf
                0x000000000800149a       0x6c Core/Src/bmi160.o
                0x000000000800149a                bmi160_set_sens_conf
 .text.bmi160_set_power_mode
                0x0000000008001506       0x48 Core/Src/bmi160.o
                0x0000000008001506                bmi160_set_power_mode
 .text.bmi160_get_sensor_data
                0x000000000800154e       0xce Core/Src/bmi160.o
                0x000000000800154e                bmi160_get_sensor_data
 .text.null_ptr_check
                0x000000000800161c       0x40 Core/Src/bmi160.o
 .text.default_param_settg
                0x000000000800165c       0x54 Core/Src/bmi160.o
 .text.set_accel_conf
                0x00000000080016b0       0x7e Core/Src/bmi160.o
 .text.check_accel_config
                0x000000000800172e       0x66 Core/Src/bmi160.o
 .text.process_accel_odr
                0x0000000008001794       0x68 Core/Src/bmi160.o
 .text.process_accel_bw
                0x00000000080017fc       0x56 Core/Src/bmi160.o
 .text.process_accel_range
                0x0000000008001852       0x68 Core/Src/bmi160.o
 .text.check_invalid_settg
                0x00000000080018ba       0x6a Core/Src/bmi160.o
 .text.set_gyro_conf
                0x0000000008001924       0x7e Core/Src/bmi160.o
 .text.check_gyro_config
                0x00000000080019a2       0x66 Core/Src/bmi160.o
 .text.process_gyro_odr
                0x0000000008001a08       0x68 Core/Src/bmi160.o
 .text.process_gyro_bw
                0x0000000008001a70       0x5e Core/Src/bmi160.o
 .text.process_gyro_range
                0x0000000008001ace       0x68 Core/Src/bmi160.o
 .text.set_accel_pwr
                0x0000000008001b36       0x84 Core/Src/bmi160.o
 .text.process_under_sampling
                0x0000000008001bba       0xaa Core/Src/bmi160.o
 .text.set_gyro_pwr
                0x0000000008001c64       0x88 Core/Src/bmi160.o
 .text.get_accel_data
                0x0000000008001cec      0x1a8 Core/Src/bmi160.o
 .text.get_gyro_data
                0x0000000008001e94      0x2b4 Core/Src/bmi160.o
 .text.get_accel_gyro_data
                0x0000000008002148      0x29c Core/Src/bmi160.o
 .text.bmp280_init_default_params
                0x00000000080023e4       0x38 Core/Src/bmp280.o
                0x00000000080023e4                bmp280_init_default_params
 .text.read_register16
                0x000000000800241c       0x5e Core/Src/bmp280.o
 .text.read_data
                0x000000000800247a       0x50 Core/Src/bmp280.o
 .text.read_calibration_data
                0x00000000080024ca      0x104 Core/Src/bmp280.o
 .text.read_hum_calibration_data
                0x00000000080025ce       0xc0 Core/Src/bmp280.o
 .text.write_register8
                0x000000000800268e       0x4a Core/Src/bmp280.o
 .text.bmp280_init
                0x00000000080026d8      0x15a Core/Src/bmp280.o
                0x00000000080026d8                bmp280_init
 .text.compensate_temperature
                0x0000000008002832       0x72 Core/Src/bmp280.o
 .text.compensate_pressure
                0x00000000080028a4      0x388 Core/Src/bmp280.o
 .text.compensate_humidity
                0x0000000008002c2c       0xbe Core/Src/bmp280.o
 .text.bmp280_read_fixed
                0x0000000008002cea       0xca Core/Src/bmp280.o
                0x0000000008002cea                bmp280_read_fixed
 .text.bmp280_read_float
                0x0000000008002db4       0x98 Core/Src/bmp280.o
                0x0000000008002db4                bmp280_read_float
 .text.MX_GPIO_Init
                0x0000000008002e4c      0x14c Core/Src/gpio.o
                0x0000000008002e4c                MX_GPIO_Init
 .text.MX_I2C1_Init
                0x0000000008002f98       0x5c Core/Src/i2c.o
                0x0000000008002f98                MX_I2C1_Init
 .text.HAL_I2C_MspInit
                0x0000000008002ff4       0x90 Core/Src/i2c.o
                0x0000000008002ff4                HAL_I2C_MspInit
 .text.validate
                0x0000000008003084       0xc8 Core/Src/main.o
                0x0000000008003084                validate
 .text.HAL_UART_RxCpltCallback
                0x000000000800314c       0x5c Core/Src/main.o
                0x000000000800314c                HAL_UART_RxCpltCallback
 .text.increaseEchoDelayTime
                0x00000000080031a8       0x70 Core/Src/main.o
                0x00000000080031a8                increaseEchoDelayTime
 .text.startPreEchoDelayTime
                0x0000000008003218       0x18 Core/Src/main.o
                0x0000000008003218                startPreEchoDelayTime
 .text.startPostEchoDelayTime
                0x0000000008003230       0x60 Core/Src/main.o
                0x0000000008003230                startPostEchoDelayTime
 .text.endEchoDelayTime
                0x0000000008003290       0x68 Core/Src/main.o
                0x0000000008003290                endEchoDelayTime
 .text.HAL_GPIO_EXTI_Callback
                0x00000000080032f8       0x8c Core/Src/main.o
                0x00000000080032f8                HAL_GPIO_EXTI_Callback
 .text.HAL_TIM_PeriodElapsedCallback
                0x0000000008003384       0x4c Core/Src/main.o
                0x0000000008003384                HAL_TIM_PeriodElapsedCallback
 .text.bmi160_I2Cwrite
                0x00000000080033d0       0x4c Core/Src/main.o
                0x00000000080033d0                bmi160_I2Cwrite
 .text.bmi160_I2Cread
                0x000000000800341c       0x4c Core/Src/main.o
                0x000000000800341c                bmi160_I2Cread
 .text.altitude
                0x0000000008003468       0xb8 Core/Src/main.o
                0x0000000008003468                altitude
 .text.writeToSD
                0x0000000008003520       0x80 Core/Src/main.o
                0x0000000008003520                writeToSD
 .text.crc16    0x00000000080035a0       0x74 Core/Src/main.o
                0x00000000080035a0                crc16
 .text.bmp280__init
                0x0000000008003614       0x30 Core/Src/main.o
                0x0000000008003614                bmp280__init
 .text.bmi160__init
                0x0000000008003644       0x88 Core/Src/main.o
                0x0000000008003644                bmi160__init
 *fill*         0x00000000080036cc        0x4 
 .text.lora__init
                0x00000000080036d0       0x9c Core/Src/main.o
                0x00000000080036d0                lora__init
 *fill*         0x000000000800376c        0x4 
 .text.main     0x0000000008003770      0xa60 Core/Src/main.o
                0x0000000008003770                main
 .text.SystemClock_Config
                0x00000000080041d0      0x104 Core/Src/main.o
                0x00000000080041d0                SystemClock_Config
 .text.Error_Handler
                0x00000000080042d4        0xa Core/Src/main.o
                0x00000000080042d4                Error_Handler
 *fill*         0x00000000080042de        0x2 
 .text.MX_RTC_Init
                0x00000000080042e0       0xb4 Core/Src/rtc.o
                0x00000000080042e0                MX_RTC_Init
 .text.HAL_RTC_MspInit
                0x0000000008004394       0x2c Core/Src/rtc.o
                0x0000000008004394                HAL_RTC_MspInit
 .text.MX_SDIO_SD_Init
                0x00000000080043c0       0x40 Core/Src/sdio.o
                0x00000000080043c0                MX_SDIO_SD_Init
 .text.HAL_SD_MspInit
                0x0000000008004400       0xf4 Core/Src/sdio.o
                0x0000000008004400                HAL_SD_MspInit
 .text.MX_SPI1_Init
                0x00000000080044f4       0x6c Core/Src/spi.o
                0x00000000080044f4                MX_SPI1_Init
 .text.HAL_SPI_MspInit
                0x0000000008004560       0x90 Core/Src/spi.o
                0x0000000008004560                HAL_SPI_MspInit
 .text.HAL_MspInit
                0x00000000080045f0       0x50 Core/Src/stm32f4xx_hal_msp.o
                0x00000000080045f0                HAL_MspInit
 .text.NMI_Handler
                0x0000000008004640        0x6 Core/Src/stm32f4xx_it.o
                0x0000000008004640                NMI_Handler
 .text.HardFault_Handler
                0x0000000008004646        0x6 Core/Src/stm32f4xx_it.o
                0x0000000008004646                HardFault_Handler
 .text.MemManage_Handler
                0x000000000800464c        0x6 Core/Src/stm32f4xx_it.o
                0x000000000800464c                MemManage_Handler
 .text.BusFault_Handler
                0x0000000008004652        0x6 Core/Src/stm32f4xx_it.o
                0x0000000008004652                BusFault_Handler
 .text.UsageFault_Handler
                0x0000000008004658        0x6 Core/Src/stm32f4xx_it.o
                0x0000000008004658                UsageFault_Handler
 .text.SVC_Handler
                0x000000000800465e        0xe Core/Src/stm32f4xx_it.o
                0x000000000800465e                SVC_Handler
 .text.DebugMon_Handler
                0x000000000800466c        0xe Core/Src/stm32f4xx_it.o
                0x000000000800466c                DebugMon_Handler
 .text.PendSV_Handler
                0x000000000800467a        0xe Core/Src/stm32f4xx_it.o
                0x000000000800467a                PendSV_Handler
 .text.SysTick_Handler
                0x0000000008004688        0xc Core/Src/stm32f4xx_it.o
                0x0000000008004688                SysTick_Handler
 .text.EXTI0_IRQHandler
                0x0000000008004694        0xe Core/Src/stm32f4xx_it.o
                0x0000000008004694                EXTI0_IRQHandler
 *fill*         0x00000000080046a2        0x2 
 .text.TIM1_UP_TIM10_IRQHandler
                0x00000000080046a4       0x14 Core/Src/stm32f4xx_it.o
                0x00000000080046a4                TIM1_UP_TIM10_IRQHandler
 .text.UART4_IRQHandler
                0x00000000080046b8       0x14 Core/Src/stm32f4xx_it.o
                0x00000000080046b8                UART4_IRQHandler
 .text.read_register
                0x00000000080046cc       0x6e Core/Src/sx1276.o
                0x00000000080046cc                read_register
 .text.write_register
                0x000000000800473a       0x68 Core/Src/sx1276.o
                0x000000000800473a                write_register
 .text.set_mode
                0x00000000080047a2       0x26 Core/Src/sx1276.o
 .text.set_OCP  0x00000000080047c8       0x6c Core/Src/sx1276.o
 .text.set_low_data_rate_optimization
                0x0000000008004834       0x60 Core/Src/sx1276.o
 .text.lora_mode_sleep
                0x0000000008004894       0x18 Core/Src/sx1276.o
                0x0000000008004894                lora_mode_sleep
 .text.lora_mode_standby
                0x00000000080048ac       0x18 Core/Src/sx1276.o
                0x00000000080048ac                lora_mode_standby
 .text.lora_set_explicit_header_mode
                0x00000000080048c4       0x30 Core/Src/sx1276.o
                0x00000000080048c4                lora_set_explicit_header_mode
 .text.lora_set_tx_power
                0x00000000080048f4       0x98 Core/Src/sx1276.o
                0x00000000080048f4                lora_set_tx_power
 .text.lora_set_frequency
                0x000000000800498c       0x8c Core/Src/sx1276.o
                0x000000000800498c                lora_set_frequency
 .text.lora_set_spreading_factor
                0x0000000008004a18       0x88 Core/Src/sx1276.o
                0x0000000008004a18                lora_set_spreading_factor
 .text.lora_set_preamble_length
                0x0000000008004aa0       0x3a Core/Src/sx1276.o
                0x0000000008004aa0                lora_set_preamble_length
 .text.lora_version
                0x0000000008004ada       0x1a Core/Src/sx1276.o
                0x0000000008004ada                lora_version
 .text.lora_init
                0x0000000008004af4       0xc0 Core/Src/sx1276.o
                0x0000000008004af4                lora_init
 .text._getpid  0x0000000008004bb4       0x10 Core/Src/syscalls.o
                0x0000000008004bb4                _getpid
 .text._kill    0x0000000008004bc4       0x20 Core/Src/syscalls.o
                0x0000000008004bc4                _kill
 .text._exit    0x0000000008004be4       0x14 Core/Src/syscalls.o
                0x0000000008004be4                _exit
 .text._read    0x0000000008004bf8       0x3a Core/Src/syscalls.o
                0x0000000008004bf8                _read
 .text._write   0x0000000008004c32       0x38 Core/Src/syscalls.o
                0x0000000008004c32                _write
 .text._close   0x0000000008004c6a       0x18 Core/Src/syscalls.o
                0x0000000008004c6a                _close
 .text._fstat   0x0000000008004c82       0x20 Core/Src/syscalls.o
                0x0000000008004c82                _fstat
 .text._isatty  0x0000000008004ca2       0x16 Core/Src/syscalls.o
                0x0000000008004ca2                _isatty
 .text._lseek   0x0000000008004cb8       0x1a Core/Src/syscalls.o
                0x0000000008004cb8                _lseek
 *fill*         0x0000000008004cd2        0x2 
 .text._sbrk    0x0000000008004cd4       0x6c Core/Src/sysmem.o
                0x0000000008004cd4                _sbrk
 .text.SystemInit
                0x0000000008004d40       0x24 Core/Src/system_stm32f4xx.o
                0x0000000008004d40                SystemInit
 .text.MX_TIM1_Init
                0x0000000008004d64       0xa0 Core/Src/tim.o
                0x0000000008004d64                MX_TIM1_Init
 .text.HAL_TIM_Base_MspInit
                0x0000000008004e04       0x50 Core/Src/tim.o
                0x0000000008004e04                HAL_TIM_Base_MspInit
 .text.MX_UART4_Init
                0x0000000008004e54       0x54 Core/Src/usart.o
                0x0000000008004e54                MX_UART4_Init
 .text.HAL_UART_MspInit
                0x0000000008004ea8       0xa0 Core/Src/usart.o
                0x0000000008004ea8                HAL_UART_MspInit
 .text.Reset_Handler
                0x0000000008004f48       0x50 Core/Startup/startup_stm32f405rgtx.o
                0x0000000008004f48                Reset_Handler
 .text.Default_Handler
                0x0000000008004f98        0x2 Core/Startup/startup_stm32f405rgtx.o
                0x0000000008004f98                RTC_Alarm_IRQHandler
                0x0000000008004f98                HASH_RNG_IRQHandler
                0x0000000008004f98                EXTI2_IRQHandler
                0x0000000008004f98                TIM8_CC_IRQHandler
                0x0000000008004f98                TIM1_CC_IRQHandler
                0x0000000008004f98                DMA2_Stream5_IRQHandler
                0x0000000008004f98                DMA1_Stream5_IRQHandler
                0x0000000008004f98                PVD_IRQHandler
                0x0000000008004f98                SDIO_IRQHandler
                0x0000000008004f98                TAMP_STAMP_IRQHandler
                0x0000000008004f98                CAN2_RX1_IRQHandler
                0x0000000008004f98                EXTI3_IRQHandler
                0x0000000008004f98                TIM8_TRG_COM_TIM14_IRQHandler
                0x0000000008004f98                TIM8_UP_TIM13_IRQHandler
                0x0000000008004f98                I2C3_ER_IRQHandler
                0x0000000008004f98                I2C2_EV_IRQHandler
                0x0000000008004f98                DMA1_Stream2_IRQHandler
                0x0000000008004f98                CAN1_RX0_IRQHandler
                0x0000000008004f98                FPU_IRQHandler
                0x0000000008004f98                OTG_HS_WKUP_IRQHandler
                0x0000000008004f98                CAN2_SCE_IRQHandler
                0x0000000008004f98                DMA2_Stream2_IRQHandler
                0x0000000008004f98                SPI1_IRQHandler
                0x0000000008004f98                TIM6_DAC_IRQHandler
                0x0000000008004f98                TIM1_BRK_TIM9_IRQHandler
                0x0000000008004f98                CAN2_RX0_IRQHandler
                0x0000000008004f98                DMA2_Stream3_IRQHandler
                0x0000000008004f98                USART6_IRQHandler
                0x0000000008004f98                USART3_IRQHandler
                0x0000000008004f98                CAN1_RX1_IRQHandler
                0x0000000008004f98                UART5_IRQHandler
                0x0000000008004f98                DMA2_Stream0_IRQHandler
                0x0000000008004f98                TIM4_IRQHandler
                0x0000000008004f98                I2C1_EV_IRQHandler
                0x0000000008004f98                DMA1_Stream6_IRQHandler
                0x0000000008004f98                DMA1_Stream1_IRQHandler
                0x0000000008004f98                TIM3_IRQHandler
                0x0000000008004f98                RCC_IRQHandler
                0x0000000008004f98                TIM8_BRK_TIM12_IRQHandler
                0x0000000008004f98                Default_Handler
                0x0000000008004f98                EXTI15_10_IRQHandler
                0x0000000008004f98                ADC_IRQHandler
                0x0000000008004f98                DMA1_Stream7_IRQHandler
                0x0000000008004f98                TIM7_IRQHandler
                0x0000000008004f98                CAN2_TX_IRQHandler
                0x0000000008004f98                TIM5_IRQHandler
                0x0000000008004f98                DMA2_Stream7_IRQHandler
                0x0000000008004f98                I2C3_EV_IRQHandler
                0x0000000008004f98                EXTI9_5_IRQHandler
                0x0000000008004f98                RTC_WKUP_IRQHandler
                0x0000000008004f98                SPI2_IRQHandler
                0x0000000008004f98                OTG_HS_EP1_IN_IRQHandler
                0x0000000008004f98                DMA1_Stream0_IRQHandler
                0x0000000008004f98                CAN1_TX_IRQHandler
                0x0000000008004f98                EXTI4_IRQHandler
                0x0000000008004f98                FSMC_IRQHandler
                0x0000000008004f98                OTG_HS_EP1_OUT_IRQHandler
                0x0000000008004f98                WWDG_IRQHandler
                0x0000000008004f98                TIM2_IRQHandler
                0x0000000008004f98                OTG_FS_WKUP_IRQHandler
                0x0000000008004f98                TIM1_TRG_COM_TIM11_IRQHandler
                0x0000000008004f98                OTG_HS_IRQHandler
                0x0000000008004f98                EXTI1_IRQHandler
                0x0000000008004f98                USART2_IRQHandler
                0x0000000008004f98                I2C2_ER_IRQHandler
                0x0000000008004f98                DMA2_Stream1_IRQHandler
                0x0000000008004f98                CAN1_SCE_IRQHandler
                0x0000000008004f98                FLASH_IRQHandler
                0x0000000008004f98                DMA2_Stream4_IRQHandler
                0x0000000008004f98                USART1_IRQHandler
                0x0000000008004f98                OTG_FS_IRQHandler
                0x0000000008004f98                SPI3_IRQHandler
                0x0000000008004f98                DMA1_Stream4_IRQHandler
                0x0000000008004f98                I2C1_ER_IRQHandler
                0x0000000008004f98                DMA2_Stream6_IRQHandler
                0x0000000008004f98                DMA1_Stream3_IRQHandler
 *fill*         0x0000000008004f9a        0x2 
 .text.HAL_Init
                0x0000000008004f9c       0x44 Drivers/STM32F4xx_HAL_Driver/Src/stm32f4xx_hal.o
                0x0000000008004f9c                HAL_Init
 .text.HAL_InitTick
                0x0000000008004fe0       0x60 Drivers/STM32F4xx_HAL_Driver/Src/stm32f4xx_hal.o
                0x0000000008004fe0                HAL_InitTick
 .text.HAL_IncTick
                0x0000000008005040       0x28 Drivers/STM32F4xx_HAL_Driver/Src/stm32f4xx_hal.o
                0x0000000008005040                HAL_IncTick
 .text.HAL_GetTick
                0x0000000008005068       0x18 Drivers/STM32F4xx_HAL_Driver/Src/stm32f4xx_hal.o
                0x0000000008005068                HAL_GetTick
 .text.HAL_Delay
                0x0000000008005080       0x48 Drivers/STM32F4xx_HAL_Driver/Src/stm32f4xx_hal.o
                0x0000000008005080                HAL_Delay
 .text.HAL_ADC_Init
                0x00000000080050c8       0x86 Drivers/STM32F4xx_HAL_Driver/Src/stm32f4xx_hal_adc.o
                0x00000000080050c8                HAL_ADC_Init
 *fill*         0x000000000800514e        0x2 
 .text.HAL_ADC_Start
                0x0000000008005150      0x1a4 Drivers/STM32F4xx_HAL_Driver/Src/stm32f4xx_hal_adc.o
                0x0000000008005150                HAL_ADC_Start
 .text.HAL_ADC_Stop
                0x00000000080052f4       0x66 Drivers/STM32F4xx_HAL_Driver/Src/stm32f4xx_hal_adc.o
                0x00000000080052f4                HAL_ADC_Stop
 .text.HAL_ADC_PollForConversion
                0x000000000800535a      0x116 Drivers/STM32F4xx_HAL_Driver/Src/stm32f4xx_hal_adc.o
                0x000000000800535a                HAL_ADC_PollForConversion
 .text.HAL_ADC_GetValue
                0x0000000008005470       0x1a Drivers/STM32F4xx_HAL_Driver/Src/stm32f4xx_hal_adc.o
                0x0000000008005470                HAL_ADC_GetValue
 *fill*         0x000000000800548a        0x2 
 .text.HAL_ADC_ConfigChannel
                0x000000000800548c      0x244 Drivers/STM32F4xx_HAL_Driver/Src/stm32f4xx_hal_adc.o
                0x000000000800548c                HAL_ADC_ConfigChannel
 .text.ADC_Init
                0x00000000080056d0      0x1f8 Drivers/STM32F4xx_HAL_Driver/Src/stm32f4xx_hal_adc.o
 .text.__NVIC_SetPriorityGrouping
                0x00000000080058c8       0x48 Drivers/STM32F4xx_HAL_Driver/Src/stm32f4xx_hal_cortex.o
 .text.__NVIC_GetPriorityGrouping
                0x0000000008005910       0x1c Drivers/STM32F4xx_HAL_Driver/Src/stm32f4xx_hal_cortex.o
 .text.__NVIC_EnableIRQ
                0x000000000800592c       0x3c Drivers/STM32F4xx_HAL_Driver/Src/stm32f4xx_hal_cortex.o
 .text.__NVIC_SetPriority
                0x0000000008005968       0x54 Drivers/STM32F4xx_HAL_Driver/Src/stm32f4xx_hal_cortex.o
 .text.NVIC_EncodePriority
                0x00000000080059bc       0x66 Drivers/STM32F4xx_HAL_Driver/Src/stm32f4xx_hal_cortex.o
 *fill*         0x0000000008005a22        0x2 
 .text.SysTick_Config
                0x0000000008005a24       0x44 Drivers/STM32F4xx_HAL_Driver/Src/stm32f4xx_hal_cortex.o
 .text.HAL_NVIC_SetPriorityGrouping
                0x0000000008005a68       0x16 Drivers/STM32F4xx_HAL_Driver/Src/stm32f4xx_hal_cortex.o
                0x0000000008005a68                HAL_NVIC_SetPriorityGrouping
 .text.HAL_NVIC_SetPriority
                0x0000000008005a7e       0x38 Drivers/STM32F4xx_HAL_Driver/Src/stm32f4xx_hal_cortex.o
                0x0000000008005a7e                HAL_NVIC_SetPriority
 .text.HAL_NVIC_EnableIRQ
                0x0000000008005ab6       0x1c Drivers/STM32F4xx_HAL_Driver/Src/stm32f4xx_hal_cortex.o
                0x0000000008005ab6                HAL_NVIC_EnableIRQ
 .text.HAL_SYSTICK_Config
                0x0000000008005ad2       0x18 Drivers/STM32F4xx_HAL_Driver/Src/stm32f4xx_hal_cortex.o
                0x0000000008005ad2                HAL_SYSTICK_Config
 .text.HAL_DMA_Abort
                0x0000000008005aea       0xe0 Drivers/STM32F4xx_HAL_Driver/Src/stm32f4xx_hal_dma.o
                0x0000000008005aea                HAL_DMA_Abort
 .text.HAL_DMA_Abort_IT
                0x0000000008005bca       0x44 Drivers/STM32F4xx_HAL_Driver/Src/stm32f4xx_hal_dma.o
                0x0000000008005bca                HAL_DMA_Abort_IT
 *fill*         0x0000000008005c0e        0x2 
 .text.HAL_GPIO_Init
                0x0000000008005c10      0x338 Drivers/STM32F4xx_HAL_Driver/Src/stm32f4xx_hal_gpio.o
                0x0000000008005c10                HAL_GPIO_Init
 .text.HAL_GPIO_ReadPin
                0x0000000008005f48       0x30 Drivers/STM32F4xx_HAL_Driver/Src/stm32f4xx_hal_gpio.o
                0x0000000008005f48                HAL_GPIO_ReadPin
 .text.HAL_GPIO_WritePin
                0x0000000008005f78       0x32 Drivers/STM32F4xx_HAL_Driver/Src/stm32f4xx_hal_gpio.o
                0x0000000008005f78                HAL_GPIO_WritePin
 *fill*         0x0000000008005faa        0x2 
 .text.HAL_GPIO_EXTI_IRQHandler
                0x0000000008005fac       0x30 Drivers/STM32F4xx_HAL_Driver/Src/stm32f4xx_hal_gpio.o
                0x0000000008005fac                HAL_GPIO_EXTI_IRQHandler
 .text.HAL_I2C_Init
                0x0000000008005fdc      0x288 Drivers/STM32F4xx_HAL_Driver/Src/stm32f4xx_hal_i2c.o
                0x0000000008005fdc                HAL_I2C_Init
 .text.HAL_I2C_Mem_Write
                0x0000000008006264      0x1f4 Drivers/STM32F4xx_HAL_Driver/Src/stm32f4xx_hal_i2c.o
                0x0000000008006264                HAL_I2C_Mem_Write
 .text.HAL_I2C_Mem_Read
                0x0000000008006458      0x44c Drivers/STM32F4xx_HAL_Driver/Src/stm32f4xx_hal_i2c.o
                0x0000000008006458                HAL_I2C_Mem_Read
 .text.I2C_RequestMemoryWrite
                0x00000000080068a4      0x12c Drivers/STM32F4xx_HAL_Driver/Src/stm32f4xx_hal_i2c.o
 .text.I2C_RequestMemoryRead
                0x00000000080069d0      0x1d0 Drivers/STM32F4xx_HAL_Driver/Src/stm32f4xx_hal_i2c.o
 .text.I2C_WaitOnFlagUntilTimeout
                0x0000000008006ba0       0xae Drivers/STM32F4xx_HAL_Driver/Src/stm32f4xx_hal_i2c.o
 .text.I2C_WaitOnMasterAddressFlagUntilTimeout
                0x0000000008006c4e       0xfe Drivers/STM32F4xx_HAL_Driver/Src/stm32f4xx_hal_i2c.o
 .text.I2C_WaitOnTXEFlagUntilTimeout
                0x0000000008006d4c       0x82 Drivers/STM32F4xx_HAL_Driver/Src/stm32f4xx_hal_i2c.o
 .text.I2C_WaitOnBTFFlagUntilTimeout
                0x0000000008006dce       0x82 Drivers/STM32F4xx_HAL_Driver/Src/stm32f4xx_hal_i2c.o
 .text.I2C_WaitOnRXNEFlagUntilTimeout
                0x0000000008006e50       0xac Drivers/STM32F4xx_HAL_Driver/Src/stm32f4xx_hal_i2c.o
 .text.I2C_IsAcknowledgeFailed
                0x0000000008006efc       0x5e Drivers/STM32F4xx_HAL_Driver/Src/stm32f4xx_hal_i2c.o
 *fill*         0x0000000008006f5a        0x2 
 .text.HAL_RCC_OscConfig
                0x0000000008006f5c      0x4f0 Drivers/STM32F4xx_HAL_Driver/Src/stm32f4xx_hal_rcc.o
                0x0000000008006f5c                HAL_RCC_OscConfig
 .text.HAL_RCC_ClockConfig
                0x000000000800744c      0x1cc Drivers/STM32F4xx_HAL_Driver/Src/stm32f4xx_hal_rcc.o
                0x000000000800744c                HAL_RCC_ClockConfig
 .text.HAL_RCC_GetSysClockFreq
                0x0000000008007618      0x16c Drivers/STM32F4xx_HAL_Driver/Src/stm32f4xx_hal_rcc.o
                0x0000000008007618                HAL_RCC_GetSysClockFreq
 .text.HAL_RCC_GetHCLKFreq
                0x0000000008007784       0x18 Drivers/STM32F4xx_HAL_Driver/Src/stm32f4xx_hal_rcc.o
                0x0000000008007784                HAL_RCC_GetHCLKFreq
 .text.HAL_RCC_GetPCLK1Freq
                0x000000000800779c       0x28 Drivers/STM32F4xx_HAL_Driver/Src/stm32f4xx_hal_rcc.o
                0x000000000800779c                HAL_RCC_GetPCLK1Freq
 .text.HAL_RCC_GetPCLK2Freq
                0x00000000080077c4       0x28 Drivers/STM32F4xx_HAL_Driver/Src/stm32f4xx_hal_rcc.o
                0x00000000080077c4                HAL_RCC_GetPCLK2Freq
 .text.HAL_RCCEx_PeriphCLKConfig
                0x00000000080077ec      0x1c4 Drivers/STM32F4xx_HAL_Driver/Src/stm32f4xx_hal_rcc_ex.o
                0x00000000080077ec                HAL_RCCEx_PeriphCLKConfig
 .text.HAL_RTC_Init
                0x00000000080079b0      0x122 Drivers/STM32F4xx_HAL_Driver/Src/stm32f4xx_hal_rtc.o
                0x00000000080079b0                HAL_RTC_Init
 .text.HAL_RTC_SetTime
                0x0000000008007ad2      0x17a Drivers/STM32F4xx_HAL_Driver/Src/stm32f4xx_hal_rtc.o
                0x0000000008007ad2                HAL_RTC_SetTime
 .text.HAL_RTC_SetDate
                0x0000000008007c4c      0x14e Drivers/STM32F4xx_HAL_Driver/Src/stm32f4xx_hal_rtc.o
                0x0000000008007c4c                HAL_RTC_SetDate
 .text.HAL_RTC_WaitForSynchro
                0x0000000008007d9a       0x50 Drivers/STM32F4xx_HAL_Driver/Src/stm32f4xx_hal_rtc.o
                0x0000000008007d9a                HAL_RTC_WaitForSynchro
 .text.RTC_EnterInitMode
                0x0000000008007dea       0x58 Drivers/STM32F4xx_HAL_Driver/Src/stm32f4xx_hal_rtc.o
                0x0000000008007dea                RTC_EnterInitMode
 .text.RTC_ByteToBcd2
                0x0000000008007e42       0x3c Drivers/STM32F4xx_HAL_Driver/Src/stm32f4xx_hal_rtc.o
                0x0000000008007e42                RTC_ByteToBcd2
 .text.HAL_SD_Init
                0x0000000008007e7e       0x60 Drivers/STM32F4xx_HAL_Driver/Src/stm32f4xx_hal_sd.o
                0x0000000008007e7e                HAL_SD_Init
 *fill*         0x0000000008007ede        0x2 
 .text.HAL_SD_InitCard
                0x0000000008007ee0       0xfc Drivers/STM32F4xx_HAL_Driver/Src/stm32f4xx_hal_sd.o
                0x0000000008007ee0                HAL_SD_InitCard
 .text.HAL_SD_ReadBlocks
                0x0000000008007fdc      0x3bc Drivers/STM32F4xx_HAL_Driver/Src/stm32f4xx_hal_sd.o
                0x0000000008007fdc                HAL_SD_ReadBlocks
 .text.HAL_SD_WriteBlocks
                0x0000000008008398      0x30c Drivers/STM32F4xx_HAL_Driver/Src/stm32f4xx_hal_sd.o
                0x0000000008008398                HAL_SD_WriteBlocks
 .text.HAL_SD_GetCardCSD
                0x00000000080086a4      0x348 Drivers/STM32F4xx_HAL_Driver/Src/stm32f4xx_hal_sd.o
                0x00000000080086a4                HAL_SD_GetCardCSD
 .text.HAL_SD_GetCardInfo
                0x00000000080089ec       0x58 Drivers/STM32F4xx_HAL_Driver/Src/stm32f4xx_hal_sd.o
                0x00000000080089ec                HAL_SD_GetCardInfo
 .text.HAL_SD_ConfigWideBusOperation
                0x0000000008008a44      0x134 Drivers/STM32F4xx_HAL_Driver/Src/stm32f4xx_hal_sd.o
                0x0000000008008a44                HAL_SD_ConfigWideBusOperation
 .text.HAL_SD_GetCardState
                0x0000000008008b78       0x40 Drivers/STM32F4xx_HAL_Driver/Src/stm32f4xx_hal_sd.o
                0x0000000008008b78                HAL_SD_GetCardState
 .text.SD_InitCard
                0x0000000008008bb8      0x198 Drivers/STM32F4xx_HAL_Driver/Src/stm32f4xx_hal_sd.o
 .text.SD_PowerON
                0x0000000008008d50      0x11c Drivers/STM32F4xx_HAL_Driver/Src/stm32f4xx_hal_sd.o
 .text.SD_SendStatus
                0x0000000008008e6c       0x50 Drivers/STM32F4xx_HAL_Driver/Src/stm32f4xx_hal_sd.o
 .text.SD_WideBus_Enable
                0x0000000008008ebc       0x96 Drivers/STM32F4xx_HAL_Driver/Src/stm32f4xx_hal_sd.o
 .text.SD_WideBus_Disable
                0x0000000008008f52       0x96 Drivers/STM32F4xx_HAL_Driver/Src/stm32f4xx_hal_sd.o
 .text.SD_FindSCR
                0x0000000008008fe8      0x1a6 Drivers/STM32F4xx_HAL_Driver/Src/stm32f4xx_hal_sd.o
 .text.HAL_SPI_Init
                0x000000000800918e      0x112 Drivers/STM32F4xx_HAL_Driver/Src/stm32f4xx_hal_spi.o
                0x000000000800918e                HAL_SPI_Init
 .text.HAL_SPI_Transmit
                0x00000000080092a0      0x278 Drivers/STM32F4xx_HAL_Driver/Src/stm32f4xx_hal_spi.o
                0x00000000080092a0                HAL_SPI_Transmit
 .text.HAL_SPI_Receive
                0x0000000008009518      0x222 Drivers/STM32F4xx_HAL_Driver/Src/stm32f4xx_hal_spi.o
                0x0000000008009518                HAL_SPI_Receive
 .text.HAL_SPI_TransmitReceive
                0x000000000800973a      0x344 Drivers/STM32F4xx_HAL_Driver/Src/stm32f4xx_hal_spi.o
                0x000000000800973a                HAL_SPI_TransmitReceive
 *fill*         0x0000000008009a7e        0x2 
 .text.SPI_WaitFlagStateUntilTimeout
                0x0000000008009a80      0x110 Drivers/STM32F4xx_HAL_Driver/Src/stm32f4xx_hal_spi.o
 .text.SPI_EndRxTransaction
                0x0000000008009b90       0xca Drivers/STM32F4xx_HAL_Driver/Src/stm32f4xx_hal_spi.o
 *fill*         0x0000000008009c5a        0x2 
 .text.SPI_EndRxTxTransaction
                0x0000000008009c5c       0x84 Drivers/STM32F4xx_HAL_Driver/Src/stm32f4xx_hal_spi.o
 .text.HAL_TIM_Base_Init
                0x0000000008009ce0       0x9e Drivers/STM32F4xx_HAL_Driver/Src/stm32f4xx_hal_tim.o
                0x0000000008009ce0                HAL_TIM_Base_Init
 *fill*         0x0000000008009d7e        0x2 
 .text.HAL_TIM_Base_Start_IT
                0x0000000008009d80       0xe0 Drivers/STM32F4xx_HAL_Driver/Src/stm32f4xx_hal_tim.o
                0x0000000008009d80                HAL_TIM_Base_Start_IT
 .text.HAL_TIM_IRQHandler
                0x0000000008009e60      0x210 Drivers/STM32F4xx_HAL_Driver/Src/stm32f4xx_hal_tim.o
                0x0000000008009e60                HAL_TIM_IRQHandler
 .text.HAL_TIM_ConfigClockSource
                0x000000000800a070      0x188 Drivers/STM32F4xx_HAL_Driver/Src/stm32f4xx_hal_tim.o
                0x000000000800a070                HAL_TIM_ConfigClockSource
 .text.HAL_TIM_OC_DelayElapsedCallback
                0x000000000800a1f8       0x14 Drivers/STM32F4xx_HAL_Driver/Src/stm32f4xx_hal_tim.o
                0x000000000800a1f8                HAL_TIM_OC_DelayElapsedCallback
 .text.HAL_TIM_IC_CaptureCallback
                0x000000000800a20c       0x14 Drivers/STM32F4xx_HAL_Driver/Src/stm32f4xx_hal_tim.o
                0x000000000800a20c                HAL_TIM_IC_CaptureCallback
 .text.HAL_TIM_PWM_PulseFinishedCallback
                0x000000000800a220       0x14 Drivers/STM32F4xx_HAL_Driver/Src/stm32f4xx_hal_tim.o
                0x000000000800a220                HAL_TIM_PWM_PulseFinishedCallback
 .text.HAL_TIM_TriggerCallback
                0x000000000800a234       0x14 Drivers/STM32F4xx_HAL_Driver/Src/stm32f4xx_hal_tim.o
                0x000000000800a234                HAL_TIM_TriggerCallback
 .text.TIM_Base_SetConfig
                0x000000000800a248      0x140 Drivers/STM32F4xx_HAL_Driver/Src/stm32f4xx_hal_tim.o
                0x000000000800a248                TIM_Base_SetConfig
 .text.TIM_TI1_ConfigInputStage
                0x000000000800a388       0x5e Drivers/STM32F4xx_HAL_Driver/Src/stm32f4xx_hal_tim.o
 .text.TIM_TI2_ConfigInputStage
                0x000000000800a3e6       0x60 Drivers/STM32F4xx_HAL_Driver/Src/stm32f4xx_hal_tim.o
 .text.TIM_ITRx_SetConfig
                0x000000000800a446       0x36 Drivers/STM32F4xx_HAL_Driver/Src/stm32f4xx_hal_tim.o
 .text.TIM_ETR_SetConfig
                0x000000000800a47c       0x40 Drivers/STM32F4xx_HAL_Driver/Src/stm32f4xx_hal_tim.o
                0x000000000800a47c                TIM_ETR_SetConfig
 .text.HAL_TIMEx_MasterConfigSynchronization
                0x000000000800a4bc       0xf8 Drivers/STM32F4xx_HAL_Driver/Src/stm32f4xx_hal_tim_ex.o
                0x000000000800a4bc                HAL_TIMEx_MasterConfigSynchronization
 .text.HAL_TIMEx_CommutCallback
                0x000000000800a5b4       0x14 Drivers/STM32F4xx_HAL_Driver/Src/stm32f4xx_hal_tim_ex.o
                0x000000000800a5b4                HAL_TIMEx_CommutCallback
 .text.HAL_TIMEx_BreakCallback
                0x000000000800a5c8       0x14 Drivers/STM32F4xx_HAL_Driver/Src/stm32f4xx_hal_tim_ex.o
                0x000000000800a5c8                HAL_TIMEx_BreakCallback
 .text.HAL_UART_Init
                0x000000000800a5dc       0x9a Drivers/STM32F4xx_HAL_Driver/Src/stm32f4xx_hal_uart.o
                0x000000000800a5dc                HAL_UART_Init
 .text.HAL_UART_Receive_IT
                0x000000000800a676       0x60 Drivers/STM32F4xx_HAL_Driver/Src/stm32f4xx_hal_uart.o
                0x000000000800a676                HAL_UART_Receive_IT
 *fill*         0x000000000800a6d6        0x2 
 .text.HAL_UART_IRQHandler
                0x000000000800a6d8      0x358 Drivers/STM32F4xx_HAL_Driver/Src/stm32f4xx_hal_uart.o
                0x000000000800a6d8                HAL_UART_IRQHandler
 .text.HAL_UART_TxCpltCallback
                0x000000000800aa30       0x14 Drivers/STM32F4xx_HAL_Driver/Src/stm32f4xx_hal_uart.o
                0x000000000800aa30                HAL_UART_TxCpltCallback
 .text.HAL_UART_ErrorCallback
                0x000000000800aa44       0x14 Drivers/STM32F4xx_HAL_Driver/Src/stm32f4xx_hal_uart.o
                0x000000000800aa44                HAL_UART_ErrorCallback
 .text.HAL_UARTEx_RxEventCallback
                0x000000000800aa58       0x18 Drivers/STM32F4xx_HAL_Driver/Src/stm32f4xx_hal_uart.o
                0x000000000800aa58                HAL_UARTEx_RxEventCallback
 .text.UART_Start_Receive_IT
                0x000000000800aa70       0x74 Drivers/STM32F4xx_HAL_Driver/Src/stm32f4xx_hal_uart.o
                0x000000000800aa70                UART_Start_Receive_IT
 .text.UART_EndRxTransfer
                0x000000000800aae4       0x5a Drivers/STM32F4xx_HAL_Driver/Src/stm32f4xx_hal_uart.o
 .text.UART_DMAAbortOnError
                0x000000000800ab3e       0x28 Drivers/STM32F4xx_HAL_Driver/Src/stm32f4xx_hal_uart.o
 .text.UART_Transmit_IT
                0x000000000800ab66       0xa0 Drivers/STM32F4xx_HAL_Driver/Src/stm32f4xx_hal_uart.o
 .text.UART_EndTransmit_IT
                0x000000000800ac06       0x30 Drivers/STM32F4xx_HAL_Driver/Src/stm32f4xx_hal_uart.o
 .text.UART_Receive_IT
                0x000000000800ac36      0x12e Drivers/STM32F4xx_HAL_Driver/Src/stm32f4xx_hal_uart.o
 .text.UART_SetConfig
                0x000000000800ad64      0x390 Drivers/STM32F4xx_HAL_Driver/Src/stm32f4xx_hal_uart.o
 .text.SDIO_Init
                0x000000000800b0f4       0x56 Drivers/STM32F4xx_HAL_Driver/Src/stm32f4xx_ll_sdmmc.o
                0x000000000800b0f4                SDIO_Init
 .text.SDIO_ReadFIFO
                0x000000000800b14a       0x1a Drivers/STM32F4xx_HAL_Driver/Src/stm32f4xx_ll_sdmmc.o
                0x000000000800b14a                SDIO_ReadFIFO
 .text.SDIO_WriteFIFO
                0x000000000800b164       0x22 Drivers/STM32F4xx_HAL_Driver/Src/stm32f4xx_ll_sdmmc.o
                0x000000000800b164                SDIO_WriteFIFO
 .text.SDIO_PowerState_ON
                0x000000000800b186       0x1e Drivers/STM32F4xx_HAL_Driver/Src/stm32f4xx_ll_sdmmc.o
                0x000000000800b186                SDIO_PowerState_ON
 .text.SDIO_GetPowerState
                0x000000000800b1a4       0x1c Drivers/STM32F4xx_HAL_Driver/Src/stm32f4xx_ll_sdmmc.o
                0x000000000800b1a4                SDIO_GetPowerState
 .text.SDIO_SendCommand
                0x000000000800b1c0       0x54 Drivers/STM32F4xx_HAL_Driver/Src/stm32f4xx_ll_sdmmc.o
                0x000000000800b1c0                SDIO_SendCommand
 .text.SDIO_GetCommandResponse
                0x000000000800b214       0x1a Drivers/STM32F4xx_HAL_Driver/Src/stm32f4xx_ll_sdmmc.o
                0x000000000800b214                SDIO_GetCommandResponse
 .text.SDIO_GetResponse
                0x000000000800b22e       0x26 Drivers/STM32F4xx_HAL_Driver/Src/stm32f4xx_ll_sdmmc.o
                0x000000000800b22e                SDIO_GetResponse
 .text.SDIO_ConfigData
                0x000000000800b254       0x58 Drivers/STM32F4xx_HAL_Driver/Src/stm32f4xx_ll_sdmmc.o
                0x000000000800b254                SDIO_ConfigData
 .text.SDMMC_CmdBlockLength
                0x000000000800b2ac       0x44 Drivers/STM32F4xx_HAL_Driver/Src/stm32f4xx_ll_sdmmc.o
                0x000000000800b2ac                SDMMC_CmdBlockLength
 .text.SDMMC_CmdReadSingleBlock
                0x000000000800b2f0       0x44 Drivers/STM32F4xx_HAL_Driver/Src/stm32f4xx_ll_sdmmc.o
                0x000000000800b2f0                SDMMC_CmdReadSingleBlock
 .text.SDMMC_CmdReadMultiBlock
                0x000000000800b334       0x44 Drivers/STM32F4xx_HAL_Driver/Src/stm32f4xx_ll_sdmmc.o
                0x000000000800b334                SDMMC_CmdReadMultiBlock
 .text.SDMMC_CmdWriteSingleBlock
                0x000000000800b378       0x44 Drivers/STM32F4xx_HAL_Driver/Src/stm32f4xx_ll_sdmmc.o
                0x000000000800b378                SDMMC_CmdWriteSingleBlock
 .text.SDMMC_CmdWriteMultiBlock
                0x000000000800b3bc       0x44 Drivers/STM32F4xx_HAL_Driver/Src/stm32f4xx_ll_sdmmc.o
                0x000000000800b3bc                SDMMC_CmdWriteMultiBlock
 .text.SDMMC_CmdStopTransfer
                0x000000000800b400       0x44 Drivers/STM32F4xx_HAL_Driver/Src/stm32f4xx_ll_sdmmc.o
                0x000000000800b400                SDMMC_CmdStopTransfer
 .text.SDMMC_CmdSelDesel
                0x000000000800b444       0x46 Drivers/STM32F4xx_HAL_Driver/Src/stm32f4xx_ll_sdmmc.o
                0x000000000800b444                SDMMC_CmdSelDesel
 .text.SDMMC_CmdGoIdleState
                0x000000000800b48a       0x3c Drivers/STM32F4xx_HAL_Driver/Src/stm32f4xx_ll_sdmmc.o
                0x000000000800b48a                SDMMC_CmdGoIdleState
 .text.SDMMC_CmdOperCond
                0x000000000800b4c6       0x3e Drivers/STM32F4xx_HAL_Driver/Src/stm32f4xx_ll_sdmmc.o
                0x000000000800b4c6                SDMMC_CmdOperCond
 .text.SDMMC_CmdAppCommand
                0x000000000800b504       0x44 Drivers/STM32F4xx_HAL_Driver/Src/stm32f4xx_ll_sdmmc.o
                0x000000000800b504                SDMMC_CmdAppCommand
 .text.SDMMC_CmdAppOperCommand
                0x000000000800b548       0x46 Drivers/STM32F4xx_HAL_Driver/Src/stm32f4xx_ll_sdmmc.o
                0x000000000800b548                SDMMC_CmdAppOperCommand
 .text.SDMMC_CmdBusWidth
                0x000000000800b58e       0x44 Drivers/STM32F4xx_HAL_Driver/Src/stm32f4xx_ll_sdmmc.o
                0x000000000800b58e                SDMMC_CmdBusWidth
 .text.SDMMC_CmdSendSCR
                0x000000000800b5d2       0x42 Drivers/STM32F4xx_HAL_Driver/Src/stm32f4xx_ll_sdmmc.o
                0x000000000800b5d2                SDMMC_CmdSendSCR
 .text.SDMMC_CmdSendCID
                0x000000000800b614       0x3c Drivers/STM32F4xx_HAL_Driver/Src/stm32f4xx_ll_sdmmc.o
                0x000000000800b614                SDMMC_CmdSendCID
 .text.SDMMC_CmdSendCSD
                0x000000000800b650       0x3e Drivers/STM32F4xx_HAL_Driver/Src/stm32f4xx_ll_sdmmc.o
                0x000000000800b650                SDMMC_CmdSendCSD
 .text.SDMMC_CmdSetRelAdd
                0x000000000800b68e       0x42 Drivers/STM32F4xx_HAL_Driver/Src/stm32f4xx_ll_sdmmc.o
                0x000000000800b68e                SDMMC_CmdSetRelAdd
 .text.SDMMC_CmdSendStatus
                0x000000000800b6d0       0x44 Drivers/STM32F4xx_HAL_Driver/Src/stm32f4xx_ll_sdmmc.o
                0x000000000800b6d0                SDMMC_CmdSendStatus
 .text.SDMMC_GetCmdError
                0x000000000800b714       0x58 Drivers/STM32F4xx_HAL_Driver/Src/stm32f4xx_ll_sdmmc.o
 .text.SDMMC_GetCmdResp1
                0x000000000800b76c      0x1dc Drivers/STM32F4xx_HAL_Driver/Src/stm32f4xx_ll_sdmmc.o
 .text.SDMMC_GetCmdResp2
                0x000000000800b948       0x90 Drivers/STM32F4xx_HAL_Driver/Src/stm32f4xx_ll_sdmmc.o
 .text.SDMMC_GetCmdResp3
                0x000000000800b9d8       0x7c Drivers/STM32F4xx_HAL_Driver/Src/stm32f4xx_ll_sdmmc.o
 .text.SDMMC_GetCmdResp6
                0x000000000800ba54       0xec Drivers/STM32F4xx_HAL_Driver/Src/stm32f4xx_ll_sdmmc.o
 .text.SDMMC_GetCmdResp7
                0x000000000800bb40       0x9c Drivers/STM32F4xx_HAL_Driver/Src/stm32f4xx_ll_sdmmc.o
 .text.MX_FATFS_Init
                0x000000000800bbdc       0x24 FATFS/App/fatfs.o
                0x000000000800bbdc                MX_FATFS_Init
 .text.get_fattime
                0x000000000800bc00       0x10 FATFS/App/fatfs.o
                0x000000000800bc00                get_fattime
 .text.BSP_SD_Init
                0x000000000800bc10       0x4c FATFS/Target/bsp_driver_sd.o
                0x000000000800bc10                BSP_SD_Init
 .text.BSP_SD_ReadBlocks
                0x000000000800bc5c       0x3c FATFS/Target/bsp_driver_sd.o
                0x000000000800bc5c                BSP_SD_ReadBlocks
 .text.BSP_SD_WriteBlocks
                0x000000000800bc98       0x3c FATFS/Target/bsp_driver_sd.o
                0x000000000800bc98                BSP_SD_WriteBlocks
 .text.BSP_SD_GetCardState
                0x000000000800bcd4       0x20 FATFS/Target/bsp_driver_sd.o
                0x000000000800bcd4                BSP_SD_GetCardState
 .text.BSP_SD_GetCardInfo
                0x000000000800bcf4       0x1c FATFS/Target/bsp_driver_sd.o
                0x000000000800bcf4                BSP_SD_GetCardInfo
 .text.BSP_SD_IsDetected
                0x000000000800bd10       0x1a FATFS/Target/bsp_driver_sd.o
                0x000000000800bd10                BSP_SD_IsDetected
 *fill*         0x000000000800bd2a        0x2 
 .text.SD_CheckStatus
                0x000000000800bd2c       0x3c FATFS/Target/sd_diskio.o
 .text.SD_initialize
                0x000000000800bd68       0x3c FATFS/Target/sd_diskio.o
                0x000000000800bd68                SD_initialize
 .text.SD_status
                0x000000000800bda4       0x1c FATFS/Target/sd_diskio.o
                0x000000000800bda4                SD_status
 .text.SD_read  0x000000000800bdc0       0x42 FATFS/Target/sd_diskio.o
                0x000000000800bdc0                SD_read
 .text.SD_write
                0x000000000800be02       0x42 FATFS/Target/sd_diskio.o
                0x000000000800be02                SD_write
 .text.SD_ioctl
                0x000000000800be44       0xb0 FATFS/Target/sd_diskio.o
                0x000000000800be44                SD_ioctl
 .text.disk_status
                0x000000000800bef4       0x34 Middlewares/Third_Party/FatFs/src/diskio.o
                0x000000000800bef4                disk_status
 .text.disk_initialize
                0x000000000800bf28       0x4c Middlewares/Third_Party/FatFs/src/diskio.o
                0x000000000800bf28                disk_initialize
 .text.disk_read
                0x000000000800bf74       0x40 Middlewares/Third_Party/FatFs/src/diskio.o
                0x000000000800bf74                disk_read
 .text.disk_write
                0x000000000800bfb4       0x40 Middlewares/Third_Party/FatFs/src/diskio.o
                0x000000000800bfb4                disk_write
 .text.disk_ioctl
                0x000000000800bff4       0x3c Middlewares/Third_Party/FatFs/src/diskio.o
                0x000000000800bff4                disk_ioctl
 .text.ld_word  0x000000000800c030       0x30 Middlewares/Third_Party/FatFs/src/ff.o
 .text.ld_dword
                0x000000000800c060       0x46 Middlewares/Third_Party/FatFs/src/ff.o
 .text.st_word  0x000000000800c0a6       0x36 Middlewares/Third_Party/FatFs/src/ff.o
 .text.st_dword
                0x000000000800c0dc       0x58 Middlewares/Third_Party/FatFs/src/ff.o
 .text.mem_cpy  0x000000000800c134       0x42 Middlewares/Third_Party/FatFs/src/ff.o
 .text.mem_set  0x000000000800c176       0x36 Middlewares/Third_Party/FatFs/src/ff.o
 .text.mem_cmp  0x000000000800c1ac       0x4e Middlewares/Third_Party/FatFs/src/ff.o
 .text.chk_chr  0x000000000800c1fa       0x36 Middlewares/Third_Party/FatFs/src/ff.o
 .text.chk_lock
                0x000000000800c230       0xb8 Middlewares/Third_Party/FatFs/src/ff.o
 .text.enq_lock
                0x000000000800c2e8       0x44 Middlewares/Third_Party/FatFs/src/ff.o
 .text.inc_lock
                0x000000000800c32c      0x11c Middlewares/Third_Party/FatFs/src/ff.o
 .text.dec_lock
                0x000000000800c448       0x78 Middlewares/Third_Party/FatFs/src/ff.o
 .text.clear_lock
                0x000000000800c4c0       0x48 Middlewares/Third_Party/FatFs/src/ff.o
 .text.sync_window
                0x000000000800c508       0x88 Middlewares/Third_Party/FatFs/src/ff.o
 .text.move_window
                0x000000000800c590       0x5a Middlewares/Third_Party/FatFs/src/ff.o
 *fill*         0x000000000800c5ea        0x2 
 .text.sync_fs  0x000000000800c5ec       0xe0 Middlewares/Third_Party/FatFs/src/ff.o
 .text.clust2sect
                0x000000000800c6cc       0x3e Middlewares/Third_Party/FatFs/src/ff.o
 .text.get_fat  0x000000000800c70a      0x1a8 Middlewares/Third_Party/FatFs/src/ff.o
 .text.put_fat  0x000000000800c8b2      0x238 Middlewares/Third_Party/FatFs/src/ff.o
 .text.remove_chain
                0x000000000800caea       0xca Middlewares/Third_Party/FatFs/src/ff.o
 .text.create_chain
                0x000000000800cbb4      0x130 Middlewares/Third_Party/FatFs/src/ff.o
 .text.clmt_clust
                0x000000000800cce4       0x70 Middlewares/Third_Party/FatFs/src/ff.o
 .text.dir_sdi  0x000000000800cd54      0x112 Middlewares/Third_Party/FatFs/src/ff.o
 .text.dir_next
                0x000000000800ce66      0x1ac Middlewares/Third_Party/FatFs/src/ff.o
 .text.dir_alloc
                0x000000000800d012       0x8e Middlewares/Third_Party/FatFs/src/ff.o
 .text.ld_clust
                0x000000000800d0a0       0x3e Middlewares/Third_Party/FatFs/src/ff.o
 .text.st_clust
                0x000000000800d0de       0x40 Middlewares/Third_Party/FatFs/src/ff.o
 *fill*         0x000000000800d11e        0x2 
 .text.cmp_lfn  0x000000000800d120       0xe0 Middlewares/Third_Party/FatFs/src/ff.o
 .text.put_lfn  0x000000000800d200       0xd0 Middlewares/Third_Party/FatFs/src/ff.o
 .text.gen_numname
                0x000000000800d2d0      0x120 Middlewares/Third_Party/FatFs/src/ff.o
 .text.sum_sfn  0x000000000800d3f0       0x42 Middlewares/Third_Party/FatFs/src/ff.o
 .text.dir_find
                0x000000000800d432      0x180 Middlewares/Third_Party/FatFs/src/ff.o
 *fill*         0x000000000800d5b2        0x2 
 .text.dir_register
                0x000000000800d5b4      0x1f0 Middlewares/Third_Party/FatFs/src/ff.o
 .text.create_name
                0x000000000800d7a4      0x370 Middlewares/Third_Party/FatFs/src/ff.o
 .text.follow_path
                0x000000000800db14       0xec Middlewares/Third_Party/FatFs/src/ff.o
 .text.get_ldnumber
                0x000000000800dc00       0x88 Middlewares/Third_Party/FatFs/src/ff.o
 .text.check_fs
                0x000000000800dc88       0xac Middlewares/Third_Party/FatFs/src/ff.o
 .text.find_volume
                0x000000000800dd34      0x510 Middlewares/Third_Party/FatFs/src/ff.o
 .text.validate
                0x000000000800e244       0x6a Middlewares/Third_Party/FatFs/src/ff.o
 *fill*         0x000000000800e2ae        0x2 
 .text.f_mount  0x000000000800e2b0       0x8c Middlewares/Third_Party/FatFs/src/ff.o
                0x000000000800e2b0                f_mount
 .text.f_open   0x000000000800e33c      0x398 Middlewares/Third_Party/FatFs/src/ff.o
                0x000000000800e33c                f_open
 .text.f_write  0x000000000800e6d4      0x328 Middlewares/Third_Party/FatFs/src/ff.o
                0x000000000800e6d4                f_write
 .text.f_sync   0x000000000800e9fc       0xfc Middlewares/Third_Party/FatFs/src/ff.o
                0x000000000800e9fc                f_sync
 .text.f_close  0x000000000800eaf8       0x54 Middlewares/Third_Party/FatFs/src/ff.o
                0x000000000800eaf8                f_close
 .text.f_lseek  0x000000000800eb4c      0x448 Middlewares/Third_Party/FatFs/src/ff.o
                0x000000000800eb4c                f_lseek
 .text.FATFS_LinkDriverEx
                0x000000000800ef94       0x98 Middlewares/Third_Party/FatFs/src/ff_gen_drv.o
                0x000000000800ef94                FATFS_LinkDriverEx
 .text.FATFS_LinkDriver
                0x000000000800f02c       0x1e Middlewares/Third_Party/FatFs/src/ff_gen_drv.o
                0x000000000800f02c                FATFS_LinkDriver
 *fill*         0x000000000800f04a        0x2 
 .text.ff_convert
                0x000000000800f04c       0x78 Middlewares/Third_Party/FatFs/src/option/ccsbcs.o
                0x000000000800f04c                ff_convert
 .text.ff_wtoupper
                0x000000000800f0c4      0x114 Middlewares/Third_Party/FatFs/src/option/ccsbcs.o
                0x000000000800f0c4                ff_wtoupper
 .text.__errno  0x000000000800f1d8        0xc c:/st/stm32cubeide_1.6.1/stm32cubeide/plugins/com.st.stm32cube.ide.mcu.externaltools.gnu-tools-for-stm32.9-2020-q2-update.win32_1.5.0.202011040924/tools/bin/../lib/gcc/arm-none-eabi/9.3.1/../../../../arm-none-eabi/lib/thumb/v7e-m+fp/hard\libc_nano.a(lib_a-errno.o)
                0x000000000800f1d8                __errno
 .text.__libc_init_array
                0x000000000800f1e4       0x48 c:/st/stm32cubeide_1.6.1/stm32cubeide/plugins/com.st.stm32cube.ide.mcu.externaltools.gnu-tools-for-stm32.9-2020-q2-update.win32_1.5.0.202011040924/tools/bin/../lib/gcc/arm-none-eabi/9.3.1/../../../../arm-none-eabi/lib/thumb/v7e-m+fp/hard\libc_nano.a(lib_a-init.o)
                0x000000000800f1e4                __libc_init_array
 .text.memset   0x000000000800f22c       0x10 c:/st/stm32cubeide_1.6.1/stm32cubeide/plugins/com.st.stm32cube.ide.mcu.externaltools.gnu-tools-for-stm32.9-2020-q2-update.win32_1.5.0.202011040924/tools/bin/../lib/gcc/arm-none-eabi/9.3.1/../../../../arm-none-eabi/lib/thumb/v7e-m+fp/hard\libc_nano.a(lib_a-memset.o)
                0x000000000800f22c                memset
 .text.__cvt    0x000000000800f23c       0xc4 c:/st/stm32cubeide_1.6.1/stm32cubeide/plugins/com.st.stm32cube.ide.mcu.externaltools.gnu-tools-for-stm32.9-2020-q2-update.win32_1.5.0.202011040924/tools/bin/../lib/gcc/arm-none-eabi/9.3.1/../../../../arm-none-eabi/lib/thumb/v7e-m+fp/hard\libc_nano.a(lib_a-nano-vfprintf_float.o)
                0x000000000800f23c                __cvt
 .text.__exponent
                0x000000000800f300       0x7c c:/st/stm32cubeide_1.6.1/stm32cubeide/plugins/com.st.stm32cube.ide.mcu.externaltools.gnu-tools-for-stm32.9-2020-q2-update.win32_1.5.0.202011040924/tools/bin/../lib/gcc/arm-none-eabi/9.3.1/../../../../arm-none-eabi/lib/thumb/v7e-m+fp/hard\libc_nano.a(lib_a-nano-vfprintf_float.o)
                0x000000000800f300                __exponent
 .text._printf_float
                0x000000000800f37c      0x46c c:/st/stm32cubeide_1.6.1/stm32cubeide/plugins/com.st.stm32cube.ide.mcu.externaltools.gnu-tools-for-stm32.9-2020-q2-update.win32_1.5.0.202011040924/tools/bin/../lib/gcc/arm-none-eabi/9.3.1/../../../../arm-none-eabi/lib/thumb/v7e-m+fp/hard\libc_nano.a(lib_a-nano-vfprintf_float.o)
                0x000000000800f37c                _printf_float
 .text._printf_common
                0x000000000800f7e8       0xda c:/st/stm32cubeide_1.6.1/stm32cubeide/plugins/com.st.stm32cube.ide.mcu.externaltools.gnu-tools-for-stm32.9-2020-q2-update.win32_1.5.0.202011040924/tools/bin/../lib/gcc/arm-none-eabi/9.3.1/../../../../arm-none-eabi/lib/thumb/v7e-m+fp/hard\libc_nano.a(lib_a-nano-vfprintf_i.o)
                0x000000000800f7e8                _printf_common
 *fill*         0x000000000800f8c2        0x2 
 .text._printf_i
                0x000000000800f8c4      0x24c c:/st/stm32cubeide_1.6.1/stm32cubeide/plugins/com.st.stm32cube.ide.mcu.externaltools.gnu-tools-for-stm32.9-2020-q2-update.win32_1.5.0.202011040924/tools/bin/../lib/gcc/arm-none-eabi/9.3.1/../../../../arm-none-eabi/lib/thumb/v7e-m+fp/hard\libc_nano.a(lib_a-nano-vfprintf_i.o)
                0x000000000800f8c4                _printf_i
 .text._scanf_float
                0x000000000800fb10      0x420 c:/st/stm32cubeide_1.6.1/stm32cubeide/plugins/com.st.stm32cube.ide.mcu.externaltools.gnu-tools-for-stm32.9-2020-q2-update.win32_1.5.0.202011040924/tools/bin/../lib/gcc/arm-none-eabi/9.3.1/../../../../arm-none-eabi/lib/thumb/v7e-m+fp/hard\libc_nano.a(lib_a-nano-vfscanf_float.o)
                0x000000000800fb10                _scanf_float
 .text.nanf     0x000000000800ff30        0xc c:/st/stm32cubeide_1.6.1/stm32cubeide/plugins/com.st.stm32cube.ide.mcu.externaltools.gnu-tools-for-stm32.9-2020-q2-update.win32_1.5.0.202011040924/tools/bin/../lib/gcc/arm-none-eabi/9.3.1/../../../../arm-none-eabi/lib/thumb/v7e-m+fp/hard\libc_nano.a(lib_a-sf_nan.o)
                0x000000000800ff30                nanf
 .text.sprintf  0x000000000800ff3c       0x40 c:/st/stm32cubeide_1.6.1/stm32cubeide/plugins/com.st.stm32cube.ide.mcu.externaltools.gnu-tools-for-stm32.9-2020-q2-update.win32_1.5.0.202011040924/tools/bin/../lib/gcc/arm-none-eabi/9.3.1/../../../../arm-none-eabi/lib/thumb/v7e-m+fp/hard\libc_nano.a(lib_a-sprintf.o)
                0x000000000800ff3c                siprintf
                0x000000000800ff3c                sprintf
 .text.__sread  0x000000000800ff7c       0x22 c:/st/stm32cubeide_1.6.1/stm32cubeide/plugins/com.st.stm32cube.ide.mcu.externaltools.gnu-tools-for-stm32.9-2020-q2-update.win32_1.5.0.202011040924/tools/bin/../lib/gcc/arm-none-eabi/9.3.1/../../../../arm-none-eabi/lib/thumb/v7e-m+fp/hard\libc_nano.a(lib_a-stdio.o)
                0x000000000800ff7c                __sread
 .text.__swrite
                0x000000000800ff9e       0x38 c:/st/stm32cubeide_1.6.1/stm32cubeide/plugins/com.st.stm32cube.ide.mcu.externaltools.gnu-tools-for-stm32.9-2020-q2-update.win32_1.5.0.202011040924/tools/bin/../lib/gcc/arm-none-eabi/9.3.1/../../../../arm-none-eabi/lib/thumb/v7e-m+fp/hard\libc_nano.a(lib_a-stdio.o)
                0x000000000800ff9e                __swrite
 .text.__sseek  0x000000000800ffd6       0x24 c:/st/stm32cubeide_1.6.1/stm32cubeide/plugins/com.st.stm32cube.ide.mcu.externaltools.gnu-tools-for-stm32.9-2020-q2-update.win32_1.5.0.202011040924/tools/bin/../lib/gcc/arm-none-eabi/9.3.1/../../../../arm-none-eabi/lib/thumb/v7e-m+fp/hard\libc_nano.a(lib_a-stdio.o)
                0x000000000800ffd6                __sseek
 .text.__sclose
                0x000000000800fffa        0x8 c:/st/stm32cubeide_1.6.1/stm32cubeide/plugins/com.st.stm32cube.ide.mcu.externaltools.gnu-tools-for-stm32.9-2020-q2-update.win32_1.5.0.202011040924/tools/bin/../lib/gcc/arm-none-eabi/9.3.1/../../../../arm-none-eabi/lib/thumb/v7e-m+fp/hard\libc_nano.a(lib_a-stdio.o)
                0x000000000800fffa                __sclose
 .text.strncmp  0x0000000008010002       0x24 c:/st/stm32cubeide_1.6.1/stm32cubeide/plugins/com.st.stm32cube.ide.mcu.externaltools.gnu-tools-for-stm32.9-2020-q2-update.win32_1.5.0.202011040924/tools/bin/../lib/gcc/arm-none-eabi/9.3.1/../../../../arm-none-eabi/lib/thumb/v7e-m+fp/hard\libc_nano.a(lib_a-strncmp.o)
                0x0000000008010002                strncmp
 .text.sulp     0x0000000008010026       0x38 c:/st/stm32cubeide_1.6.1/stm32cubeide/plugins/com.st.stm32cube.ide.mcu.externaltools.gnu-tools-for-stm32.9-2020-q2-update.win32_1.5.0.202011040924/tools/bin/../lib/gcc/arm-none-eabi/9.3.1/../../../../arm-none-eabi/lib/thumb/v7e-m+fp/hard\libc_nano.a(lib_a-strtod.o)
 *fill*         0x000000000801005e        0x2 
 .text._strtod_l
                0x0000000008010060      0xc14 c:/st/stm32cubeide_1.6.1/stm32cubeide/plugins/com.st.stm32cube.ide.mcu.externaltools.gnu-tools-for-stm32.9-2020-q2-update.win32_1.5.0.202011040924/tools/bin/../lib/gcc/arm-none-eabi/9.3.1/../../../../arm-none-eabi/lib/thumb/v7e-m+fp/hard\libc_nano.a(lib_a-strtod.o)
                0x0000000008010060                _strtod_l
 .text._strtod_r
                0x0000000008010c74        0xc c:/st/stm32cubeide_1.6.1/stm32cubeide/plugins/com.st.stm32cube.ide.mcu.externaltools.gnu-tools-for-stm32.9-2020-q2-update.win32_1.5.0.202011040924/tools/bin/../lib/gcc/arm-none-eabi/9.3.1/../../../../arm-none-eabi/lib/thumb/v7e-m+fp/hard\libc_nano.a(lib_a-strtod.o)
                0x0000000008010c74                _strtod_r
 .text._strtol_l.isra.0
                0x0000000008010c80      0x108 c:/st/stm32cubeide_1.6.1/stm32cubeide/plugins/com.st.stm32cube.ide.mcu.externaltools.gnu-tools-for-stm32.9-2020-q2-update.win32_1.5.0.202011040924/tools/bin/../lib/gcc/arm-none-eabi/9.3.1/../../../../arm-none-eabi/lib/thumb/v7e-m+fp/hard\libc_nano.a(lib_a-strtol.o)
 .text._strtol_r
                0x0000000008010d88        0x4 c:/st/stm32cubeide_1.6.1/stm32cubeide/plugins/com.st.stm32cube.ide.mcu.externaltools.gnu-tools-for-stm32.9-2020-q2-update.win32_1.5.0.202011040924/tools/bin/../lib/gcc/arm-none-eabi/9.3.1/../../../../arm-none-eabi/lib/thumb/v7e-m+fp/hard\libc_nano.a(lib_a-strtol.o)
                0x0000000008010d88                _strtol_r
 .text._write_r
                0x0000000008010d8c       0x24 c:/st/stm32cubeide_1.6.1/stm32cubeide/plugins/com.st.stm32cube.ide.mcu.externaltools.gnu-tools-for-stm32.9-2020-q2-update.win32_1.5.0.202011040924/tools/bin/../lib/gcc/arm-none-eabi/9.3.1/../../../../arm-none-eabi/lib/thumb/v7e-m+fp/hard\libc_nano.a(lib_a-writer.o)
                0x0000000008010d8c                _write_r
 .text._close_r
                0x0000000008010db0       0x20 c:/st/stm32cubeide_1.6.1/stm32cubeide/plugins/com.st.stm32cube.ide.mcu.externaltools.gnu-tools-for-stm32.9-2020-q2-update.win32_1.5.0.202011040924/tools/bin/../lib/gcc/arm-none-eabi/9.3.1/../../../../arm-none-eabi/lib/thumb/v7e-m+fp/hard\libc_nano.a(lib_a-closer.o)
                0x0000000008010db0                _close_r
 .text.quorem   0x0000000008010dd0      0x116 c:/st/stm32cubeide_1.6.1/stm32cubeide/plugins/com.st.stm32cube.ide.mcu.externaltools.gnu-tools-for-stm32.9-2020-q2-update.win32_1.5.0.202011040924/tools/bin/../lib/gcc/arm-none-eabi/9.3.1/../../../../arm-none-eabi/lib/thumb/v7e-m+fp/hard\libc_nano.a(lib_a-dtoa.o)
 *fill*         0x0000000008010ee6        0x2 
 .text._dtoa_r  0x0000000008010ee8      0xbd8 c:/st/stm32cubeide_1.6.1/stm32cubeide/plugins/com.st.stm32cube.ide.mcu.externaltools.gnu-tools-for-stm32.9-2020-q2-update.win32_1.5.0.202011040924/tools/bin/../lib/gcc/arm-none-eabi/9.3.1/../../../../arm-none-eabi/lib/thumb/v7e-m+fp/hard\libc_nano.a(lib_a-dtoa.o)
                0x0000000008010ee8                _dtoa_r
 .text.rshift   0x0000000008011ac0       0xa4 c:/st/stm32cubeide_1.6.1/stm32cubeide/plugins/com.st.stm32cube.ide.mcu.externaltools.gnu-tools-for-stm32.9-2020-q2-update.win32_1.5.0.202011040924/tools/bin/../lib/gcc/arm-none-eabi/9.3.1/../../../../arm-none-eabi/lib/thumb/v7e-m+fp/hard\libc_nano.a(lib_a-gdtoa-gethex.o)
 .text.__hexdig_fun
                0x0000000008011b64       0x2a c:/st/stm32cubeide_1.6.1/stm32cubeide/plugins/com.st.stm32cube.ide.mcu.externaltools.gnu-tools-for-stm32.9-2020-q2-update.win32_1.5.0.202011040924/tools/bin/../lib/gcc/arm-none-eabi/9.3.1/../../../../arm-none-eabi/lib/thumb/v7e-m+fp/hard\libc_nano.a(lib_a-gdtoa-gethex.o)
                0x0000000008011b64                __hexdig_fun
 *fill*         0x0000000008011b8e        0x2 
 .text.__gethex
                0x0000000008011b90      0x48c c:/st/stm32cubeide_1.6.1/stm32cubeide/plugins/com.st.stm32cube.ide.mcu.externaltools.gnu-tools-for-stm32.9-2020-q2-update.win32_1.5.0.202011040924/tools/bin/../lib/gcc/arm-none-eabi/9.3.1/../../../../arm-none-eabi/lib/thumb/v7e-m+fp/hard\libc_nano.a(lib_a-gdtoa-gethex.o)
                0x0000000008011b90                __gethex
 .text.L_shift  0x000000000801201c       0x24 c:/st/stm32cubeide_1.6.1/stm32cubeide/plugins/com.st.stm32cube.ide.mcu.externaltools.gnu-tools-for-stm32.9-2020-q2-update.win32_1.5.0.202011040924/tools/bin/../lib/gcc/arm-none-eabi/9.3.1/../../../../arm-none-eabi/lib/thumb/v7e-m+fp/hard\libc_nano.a(lib_a-gdtoa-hexnan.o)
 .text.__match  0x0000000008012040       0x28 c:/st/stm32cubeide_1.6.1/stm32cubeide/plugins/com.st.stm32cube.ide.mcu.externaltools.gnu-tools-for-stm32.9-2020-q2-update.win32_1.5.0.202011040924/tools/bin/../lib/gcc/arm-none-eabi/9.3.1/../../../../arm-none-eabi/lib/thumb/v7e-m+fp/hard\libc_nano.a(lib_a-gdtoa-hexnan.o)
                0x0000000008012040                __match
 .text.__hexnan
                0x0000000008012068      0x138 c:/st/stm32cubeide_1.6.1/stm32cubeide/plugins/com.st.stm32cube.ide.mcu.externaltools.gnu-tools-for-stm32.9-2020-q2-update.win32_1.5.0.202011040924/tools/bin/../lib/gcc/arm-none-eabi/9.3.1/../../../../arm-none-eabi/lib/thumb/v7e-m+fp/hard\libc_nano.a(lib_a-gdtoa-hexnan.o)
                0x0000000008012068                __hexnan
 .text._localeconv_r
                0x00000000080121a0        0x8 c:/st/stm32cubeide_1.6.1/stm32cubeide/plugins/com.st.stm32cube.ide.mcu.externaltools.gnu-tools-for-stm32.9-2020-q2-update.win32_1.5.0.202011040924/tools/bin/../lib/gcc/arm-none-eabi/9.3.1/../../../../arm-none-eabi/lib/thumb/v7e-m+fp/hard\libc_nano.a(lib_a-localeconv.o)
                0x00000000080121a0                _localeconv_r
 .text._lseek_r
                0x00000000080121a8       0x24 c:/st/stm32cubeide_1.6.1/stm32cubeide/plugins/com.st.stm32cube.ide.mcu.externaltools.gnu-tools-for-stm32.9-2020-q2-update.win32_1.5.0.202011040924/tools/bin/../lib/gcc/arm-none-eabi/9.3.1/../../../../arm-none-eabi/lib/thumb/v7e-m+fp/hard\libc_nano.a(lib_a-lseekr.o)
                0x00000000080121a8                _lseek_r
 .text.malloc   0x00000000080121cc       0x10 c:/st/stm32cubeide_1.6.1/stm32cubeide/plugins/com.st.stm32cube.ide.mcu.externaltools.gnu-tools-for-stm32.9-2020-q2-update.win32_1.5.0.202011040924/tools/bin/../lib/gcc/arm-none-eabi/9.3.1/../../../../arm-none-eabi/lib/thumb/v7e-m+fp/hard\libc_nano.a(lib_a-malloc.o)
                0x00000000080121cc                malloc
 .text.__ascii_mbtowc
                0x00000000080121dc       0x24 c:/st/stm32cubeide_1.6.1/stm32cubeide/plugins/com.st.stm32cube.ide.mcu.externaltools.gnu-tools-for-stm32.9-2020-q2-update.win32_1.5.0.202011040924/tools/bin/../lib/gcc/arm-none-eabi/9.3.1/../../../../arm-none-eabi/lib/thumb/v7e-m+fp/hard\libc_nano.a(lib_a-mbtowc_r.o)
                0x00000000080121dc                __ascii_mbtowc
 .text.memcpy   0x0000000008012200       0x1c c:/st/stm32cubeide_1.6.1/stm32cubeide/plugins/com.st.stm32cube.ide.mcu.externaltools.gnu-tools-for-stm32.9-2020-q2-update.win32_1.5.0.202011040924/tools/bin/../lib/gcc/arm-none-eabi/9.3.1/../../../../arm-none-eabi/lib/thumb/v7e-m+fp/hard\libc_nano.a(lib_a-memcpy-stub.o)
                0x0000000008012200                memcpy
 .text._Balloc  0x000000000801221c       0x80 c:/st/stm32cubeide_1.6.1/stm32cubeide/plugins/com.st.stm32cube.ide.mcu.externaltools.gnu-tools-for-stm32.9-2020-q2-update.win32_1.5.0.202011040924/tools/bin/../lib/gcc/arm-none-eabi/9.3.1/../../../../arm-none-eabi/lib/thumb/v7e-m+fp/hard\libc_nano.a(lib_a-mprec.o)
                0x000000000801221c                _Balloc
 .text._Bfree   0x000000000801229c       0x44 c:/st/stm32cubeide_1.6.1/stm32cubeide/plugins/com.st.stm32cube.ide.mcu.externaltools.gnu-tools-for-stm32.9-2020-q2-update.win32_1.5.0.202011040924/tools/bin/../lib/gcc/arm-none-eabi/9.3.1/../../../../arm-none-eabi/lib/thumb/v7e-m+fp/hard\libc_nano.a(lib_a-mprec.o)
                0x000000000801229c                _Bfree
 .text.__multadd
                0x00000000080122e0       0x94 c:/st/stm32cubeide_1.6.1/stm32cubeide/plugins/com.st.stm32cube.ide.mcu.externaltools.gnu-tools-for-stm32.9-2020-q2-update.win32_1.5.0.202011040924/tools/bin/../lib/gcc/arm-none-eabi/9.3.1/../../../../arm-none-eabi/lib/thumb/v7e-m+fp/hard\libc_nano.a(lib_a-mprec.o)
                0x00000000080122e0                __multadd
 .text.__s2b    0x0000000008012374       0x94 c:/st/stm32cubeide_1.6.1/stm32cubeide/plugins/com.st.stm32cube.ide.mcu.externaltools.gnu-tools-for-stm32.9-2020-q2-update.win32_1.5.0.202011040924/tools/bin/../lib/gcc/arm-none-eabi/9.3.1/../../../../arm-none-eabi/lib/thumb/v7e-m+fp/hard\libc_nano.a(lib_a-mprec.o)
                0x0000000008012374                __s2b
 .text.__hi0bits
                0x0000000008012408       0x40 c:/st/stm32cubeide_1.6.1/stm32cubeide/plugins/com.st.stm32cube.ide.mcu.externaltools.gnu-tools-for-stm32.9-2020-q2-update.win32_1.5.0.202011040924/tools/bin/../lib/gcc/arm-none-eabi/9.3.1/../../../../arm-none-eabi/lib/thumb/v7e-m+fp/hard\libc_nano.a(lib_a-mprec.o)
                0x0000000008012408                __hi0bits
 .text.__lo0bits
                0x0000000008012448       0x60 c:/st/stm32cubeide_1.6.1/stm32cubeide/plugins/com.st.stm32cube.ide.mcu.externaltools.gnu-tools-for-stm32.9-2020-q2-update.win32_1.5.0.202011040924/tools/bin/../lib/gcc/arm-none-eabi/9.3.1/../../../../arm-none-eabi/lib/thumb/v7e-m+fp/hard\libc_nano.a(lib_a-mprec.o)
                0x0000000008012448                __lo0bits
 .text.__i2b    0x00000000080124a8       0x2c c:/st/stm32cubeide_1.6.1/stm32cubeide/plugins/com.st.stm32cube.ide.mcu.externaltools.gnu-tools-for-stm32.9-2020-q2-update.win32_1.5.0.202011040924/tools/bin/../lib/gcc/arm-none-eabi/9.3.1/../../../../arm-none-eabi/lib/thumb/v7e-m+fp/hard\libc_nano.a(lib_a-mprec.o)
                0x00000000080124a8                __i2b
 .text.__multiply
                0x00000000080124d4      0x14c c:/st/stm32cubeide_1.6.1/stm32cubeide/plugins/com.st.stm32cube.ide.mcu.externaltools.gnu-tools-for-stm32.9-2020-q2-update.win32_1.5.0.202011040924/tools/bin/../lib/gcc/arm-none-eabi/9.3.1/../../../../arm-none-eabi/lib/thumb/v7e-m+fp/hard\libc_nano.a(lib_a-mprec.o)
                0x00000000080124d4                __multiply
 .text.__pow5mult
                0x0000000008012620       0xb4 c:/st/stm32cubeide_1.6.1/stm32cubeide/plugins/com.st.stm32cube.ide.mcu.externaltools.gnu-tools-for-stm32.9-2020-q2-update.win32_1.5.0.202011040924/tools/bin/../lib/gcc/arm-none-eabi/9.3.1/../../../../arm-none-eabi/lib/thumb/v7e-m+fp/hard\libc_nano.a(lib_a-mprec.o)
                0x0000000008012620                __pow5mult
 .text.__lshift
                0x00000000080126d4       0xd8 c:/st/stm32cubeide_1.6.1/stm32cubeide/plugins/com.st.stm32cube.ide.mcu.externaltools.gnu-tools-for-stm32.9-2020-q2-update.win32_1.5.0.202011040924/tools/bin/../lib/gcc/arm-none-eabi/9.3.1/../../../../arm-none-eabi/lib/thumb/v7e-m+fp/hard\libc_nano.a(lib_a-mprec.o)
                0x00000000080126d4                __lshift
 .text.__mcmp   0x00000000080127ac       0x38 c:/st/stm32cubeide_1.6.1/stm32cubeide/plugins/com.st.stm32cube.ide.mcu.externaltools.gnu-tools-for-stm32.9-2020-q2-update.win32_1.5.0.202011040924/tools/bin/../lib/gcc/arm-none-eabi/9.3.1/../../../../arm-none-eabi/lib/thumb/v7e-m+fp/hard\libc_nano.a(lib_a-mprec.o)
                0x00000000080127ac                __mcmp
 .text.__mdiff  0x00000000080127e4      0x110 c:/st/stm32cubeide_1.6.1/stm32cubeide/plugins/com.st.stm32cube.ide.mcu.externaltools.gnu-tools-for-stm32.9-2020-q2-update.win32_1.5.0.202011040924/tools/bin/../lib/gcc/arm-none-eabi/9.3.1/../../../../arm-none-eabi/lib/thumb/v7e-m+fp/hard\libc_nano.a(lib_a-mprec.o)
                0x00000000080127e4                __mdiff
 .text.__ulp    0x00000000080128f4       0x58 c:/st/stm32cubeide_1.6.1/stm32cubeide/plugins/com.st.stm32cube.ide.mcu.externaltools.gnu-tools-for-stm32.9-2020-q2-update.win32_1.5.0.202011040924/tools/bin/../lib/gcc/arm-none-eabi/9.3.1/../../../../arm-none-eabi/lib/thumb/v7e-m+fp/hard\libc_nano.a(lib_a-mprec.o)
                0x00000000080128f4                __ulp
 .text.__b2d    0x000000000801294c       0xa0 c:/st/stm32cubeide_1.6.1/stm32cubeide/plugins/com.st.stm32cube.ide.mcu.externaltools.gnu-tools-for-stm32.9-2020-q2-update.win32_1.5.0.202011040924/tools/bin/../lib/gcc/arm-none-eabi/9.3.1/../../../../arm-none-eabi/lib/thumb/v7e-m+fp/hard\libc_nano.a(lib_a-mprec.o)
                0x000000000801294c                __b2d
 .text.__d2b    0x00000000080129ec       0xb8 c:/st/stm32cubeide_1.6.1/stm32cubeide/plugins/com.st.stm32cube.ide.mcu.externaltools.gnu-tools-for-stm32.9-2020-q2-update.win32_1.5.0.202011040924/tools/bin/../lib/gcc/arm-none-eabi/9.3.1/../../../../arm-none-eabi/lib/thumb/v7e-m+fp/hard\libc_nano.a(lib_a-mprec.o)
                0x00000000080129ec                __d2b
 .text.__ratio  0x0000000008012aa4       0x66 c:/st/stm32cubeide_1.6.1/stm32cubeide/plugins/com.st.stm32cube.ide.mcu.externaltools.gnu-tools-for-stm32.9-2020-q2-update.win32_1.5.0.202011040924/tools/bin/../lib/gcc/arm-none-eabi/9.3.1/../../../../arm-none-eabi/lib/thumb/v7e-m+fp/hard\libc_nano.a(lib_a-mprec.o)
                0x0000000008012aa4                __ratio
 .text.__copybits
                0x0000000008012b0a       0x46 c:/st/stm32cubeide_1.6.1/stm32cubeide/plugins/com.st.stm32cube.ide.mcu.externaltools.gnu-tools-for-stm32.9-2020-q2-update.win32_1.5.0.202011040924/tools/bin/../lib/gcc/arm-none-eabi/9.3.1/../../../../arm-none-eabi/lib/thumb/v7e-m+fp/hard\libc_nano.a(lib_a-mprec.o)
                0x0000000008012b0a                __copybits
 .text.__any_on
                0x0000000008012b50       0x42 c:/st/stm32cubeide_1.6.1/stm32cubeide/plugins/com.st.stm32cube.ide.mcu.externaltools.gnu-tools-for-stm32.9-2020-q2-update.win32_1.5.0.202011040924/tools/bin/../lib/gcc/arm-none-eabi/9.3.1/../../../../arm-none-eabi/lib/thumb/v7e-m+fp/hard\libc_nano.a(lib_a-mprec.o)
                0x0000000008012b50                __any_on
 .text._calloc_r
                0x0000000008012b92       0x1e c:/st/stm32cubeide_1.6.1/stm32cubeide/plugins/com.st.stm32cube.ide.mcu.externaltools.gnu-tools-for-stm32.9-2020-q2-update.win32_1.5.0.202011040924/tools/bin/../lib/gcc/arm-none-eabi/9.3.1/../../../../arm-none-eabi/lib/thumb/v7e-m+fp/hard\libc_nano.a(lib_a-nano-callocr.o)
                0x0000000008012b92                _calloc_r
 .text._free_r  0x0000000008012bb0       0xa0 c:/st/stm32cubeide_1.6.1/stm32cubeide/plugins/com.st.stm32cube.ide.mcu.externaltools.gnu-tools-for-stm32.9-2020-q2-update.win32_1.5.0.202011040924/tools/bin/../lib/gcc/arm-none-eabi/9.3.1/../../../../arm-none-eabi/lib/thumb/v7e-m+fp/hard\libc_nano.a(lib_a-nano-freer.o)
                0x0000000008012bb0                _free_r
 .text._malloc_r
                0x0000000008012c50       0xb4 c:/st/stm32cubeide_1.6.1/stm32cubeide/plugins/com.st.stm32cube.ide.mcu.externaltools.gnu-tools-for-stm32.9-2020-q2-update.win32_1.5.0.202011040924/tools/bin/../lib/gcc/arm-none-eabi/9.3.1/../../../../arm-none-eabi/lib/thumb/v7e-m+fp/hard\libc_nano.a(lib_a-nano-mallocr.o)
                0x0000000008012c50                _malloc_r
 .text.__ssputs_r
                0x0000000008012d04       0xb6 c:/st/stm32cubeide_1.6.1/stm32cubeide/plugins/com.st.stm32cube.ide.mcu.externaltools.gnu-tools-for-stm32.9-2020-q2-update.win32_1.5.0.202011040924/tools/bin/../lib/gcc/arm-none-eabi/9.3.1/../../../../arm-none-eabi/lib/thumb/v7e-m+fp/hard\libc_nano.a(lib_a-nano-svfprintf.o)
                0x0000000008012d04                __ssputs_r
 *fill*         0x0000000008012dba        0x2 
 .text._svfprintf_r
                0x0000000008012dbc      0x200 c:/st/stm32cubeide_1.6.1/stm32cubeide/plugins/com.st.stm32cube.ide.mcu.externaltools.gnu-tools-for-stm32.9-2020-q2-update.win32_1.5.0.202011040924/tools/bin/../lib/gcc/arm-none-eabi/9.3.1/../../../../arm-none-eabi/lib/thumb/v7e-m+fp/hard\libc_nano.a(lib_a-nano-svfprintf.o)
                0x0000000008012dbc                _svfiprintf_r
                0x0000000008012dbc                _svfprintf_r
 .text._read_r  0x0000000008012fbc       0x24 c:/st/stm32cubeide_1.6.1/stm32cubeide/plugins/com.st.stm32cube.ide.mcu.externaltools.gnu-tools-for-stm32.9-2020-q2-update.win32_1.5.0.202011040924/tools/bin/../lib/gcc/arm-none-eabi/9.3.1/../../../../arm-none-eabi/lib/thumb/v7e-m+fp/hard\libc_nano.a(lib_a-readr.o)
                0x0000000008012fbc                _read_r
 .text.nan      0x0000000008012fe0       0x10 c:/st/stm32cubeide_1.6.1/stm32cubeide/plugins/com.st.stm32cube.ide.mcu.externaltools.gnu-tools-for-stm32.9-2020-q2-update.win32_1.5.0.202011040924/tools/bin/../lib/gcc/arm-none-eabi/9.3.1/../../../../arm-none-eabi/lib/thumb/v7e-m+fp/hard\libc_nano.a(lib_a-s_nan.o)
                0x0000000008012fe0                nan
 .text._sbrk_r  0x0000000008012ff0       0x20 c:/st/stm32cubeide_1.6.1/stm32cubeide/plugins/com.st.stm32cube.ide.mcu.externaltools.gnu-tools-for-stm32.9-2020-q2-update.win32_1.5.0.202011040924/tools/bin/../lib/gcc/arm-none-eabi/9.3.1/../../../../arm-none-eabi/lib/thumb/v7e-m+fp/hard\libc_nano.a(lib_a-sbrkr.o)
                0x0000000008012ff0                _sbrk_r
 .text.__ascii_wctomb
                0x0000000008013010       0x1a c:/st/stm32cubeide_1.6.1/stm32cubeide/plugins/com.st.stm32cube.ide.mcu.externaltools.gnu-tools-for-stm32.9-2020-q2-update.win32_1.5.0.202011040924/tools/bin/../lib/gcc/arm-none-eabi/9.3.1/../../../../arm-none-eabi/lib/thumb/v7e-m+fp/hard\libc_nano.a(lib_a-wctomb_r.o)
                0x0000000008013010                __ascii_wctomb
 *fill*         0x000000000801302a        0x2 
 .text.__assert_func
                0x000000000801302c       0x3c c:/st/stm32cubeide_1.6.1/stm32cubeide/plugins/com.st.stm32cube.ide.mcu.externaltools.gnu-tools-for-stm32.9-2020-q2-update.win32_1.5.0.202011040924/tools/bin/../lib/gcc/arm-none-eabi/9.3.1/../../../../arm-none-eabi/lib/thumb/v7e-m+fp/hard\libc_nano.a(lib_a-assert.o)
                0x000000000801302c                __assert_func
 .text.__sflush_r
                0x0000000008013068      0x10c c:/st/stm32cubeide_1.6.1/stm32cubeide/plugins/com.st.stm32cube.ide.mcu.externaltools.gnu-tools-for-stm32.9-2020-q2-update.win32_1.5.0.202011040924/tools/bin/../lib/gcc/arm-none-eabi/9.3.1/../../../../arm-none-eabi/lib/thumb/v7e-m+fp/hard\libc_nano.a(lib_a-fflush.o)
                0x0000000008013068                __sflush_r
 .text._fflush_r
                0x0000000008013174       0x78 c:/st/stm32cubeide_1.6.1/stm32cubeide/plugins/com.st.stm32cube.ide.mcu.externaltools.gnu-tools-for-stm32.9-2020-q2-update.win32_1.5.0.202011040924/tools/bin/../lib/gcc/arm-none-eabi/9.3.1/../../../../arm-none-eabi/lib/thumb/v7e-m+fp/hard\libc_nano.a(lib_a-fflush.o)
                0x0000000008013174                _fflush_r
 .text.std      0x00000000080131ec       0x48 c:/st/stm32cubeide_1.6.1/stm32cubeide/plugins/com.st.stm32cube.ide.mcu.externaltools.gnu-tools-for-stm32.9-2020-q2-update.win32_1.5.0.202011040924/tools/bin/../lib/gcc/arm-none-eabi/9.3.1/../../../../arm-none-eabi/lib/thumb/v7e-m+fp/hard\libc_nano.a(lib_a-findfp.o)
 .text._cleanup_r
                0x0000000008013234        0xc c:/st/stm32cubeide_1.6.1/stm32cubeide/plugins/com.st.stm32cube.ide.mcu.externaltools.gnu-tools-for-stm32.9-2020-q2-update.win32_1.5.0.202011040924/tools/bin/../lib/gcc/arm-none-eabi/9.3.1/../../../../arm-none-eabi/lib/thumb/v7e-m+fp/hard\libc_nano.a(lib_a-findfp.o)
                0x0000000008013234                _cleanup_r
 .text.__sfmoreglue
                0x0000000008013240       0x2c c:/st/stm32cubeide_1.6.1/stm32cubeide/plugins/com.st.stm32cube.ide.mcu.externaltools.gnu-tools-for-stm32.9-2020-q2-update.win32_1.5.0.202011040924/tools/bin/../lib/gcc/arm-none-eabi/9.3.1/../../../../arm-none-eabi/lib/thumb/v7e-m+fp/hard\libc_nano.a(lib_a-findfp.o)
                0x0000000008013240                __sfmoreglue
 .text.__sfp_lock_acquire
                0x000000000801326c        0xc c:/st/stm32cubeide_1.6.1/stm32cubeide/plugins/com.st.stm32cube.ide.mcu.externaltools.gnu-tools-for-stm32.9-2020-q2-update.win32_1.5.0.202011040924/tools/bin/../lib/gcc/arm-none-eabi/9.3.1/../../../../arm-none-eabi/lib/thumb/v7e-m+fp/hard\libc_nano.a(lib_a-findfp.o)
                0x000000000801326c                __sfp_lock_acquire