bmi160.c:1366:8:bmi160_get_regs	48	dynamic
bmi160.c:1419:8:bmi160_set_regs	40	static
bmi160.c:1477:8:bmi160_init	24	static
bmi160.c:1533:8:bmi160_soft_reset	24	static
bmi160.c:1568:8:bmi160_set_sens_conf	24	static
bmi160.c:1601:8:bmi160_set_power_mode	24	static
bmi160.c:1625:8:bmi160_get_power_mode	24	static
bmi160.c:1654:8:bmi160_get_sensor_data	32	static
bmi160.c:1731:8:bmi160_set_int_config	24	static
bmi160.c:1815:8:bmi160_set_step_counter	24	static
bmi160.c:1849:8:bmi160_read_step_counter	24	static
bmi160.c:1880:8:bmi160_aux_read	40	static
bmi160.c:1913:8:bmi160_aux_write	32	static
bmi160.c:1951:8:bmi160_aux_init	24	static
bmi160.c:1982:8:bmi160_set_aux_auto_mode	24	static
bmi160.c:2029:8:bmi160_config_aux_mode	24	static
bmi160.c:2056:8:bmi160_read_aux_data_auto_mode	24	static
bmi160.c:2085:8:bmi160_perform_self_test	24	static
bmi160.c:2149:8:bmi160_get_fifo_data	24	static
bmi160.c:2195:8:bmi160_set_fifo_flush	24	static
bmi160.c:2217:8:bmi160_set_fifo_config	24	static
bmi160.c:2275:8:bmi160_set_fifo_down	24	static
bmi160.c:2303:8:bmi160_set_fifo_wm	24	static
bmi160.c:2327:8:bmi160_extract_accel	40	static
bmi160.c:2375:8:bmi160_extract_gyro	40	static
bmi160.c:2423:8:bmi160_extract_aux	40	static
bmi160.c:2475:8:bmi160_start_foc	32	static
bmi160.c:2524:8:bmi160_get_offsets	40	static
bmi160.c:2586:8:bmi160_set_offsets	40	static
bmi160.c:2633:8:bmi160_update_nvm	24	static
bmi160.c:2674:8:bmi160_get_int_status	32	static
bmi160.c:2715:15:set_accel_any_motion_int	24	static
bmi160.c:2743:15:set_accel_tap_int	24	static
bmi160.c:2776:15:set_accel_gyro_data_ready_int	24	static
bmi160.c:2807:15:set_accel_sig_motion_int	24	static
bmi160.c:2837:15:set_accel_no_motion_int	24	static
bmi160.c:2867:15:set_accel_step_detect_int	24	static
bmi160.c:2905:15:set_accel_orientation_int	24	static
bmi160.c:2945:15:set_accel_flat_detect_int	24	static
bmi160.c:2986:15:set_accel_low_g_int	24	static
bmi160.c:3034:15:set_accel_high_g_int	24	static
bmi160.c:3080:15:set_intr_pin_config	24	static
bmi160.c:3098:15:null_ptr_check	24	static
bmi160.c:3119:13:default_param_settg	16	static
bmi160.c:3142:15:set_accel_conf	24	static
bmi160.c:3172:15:check_accel_config	24	static
bmi160.c:3197:15:process_accel_odr	24	static
bmi160.c:3225:15:process_accel_bw	24	static
bmi160.c:3253:15:process_accel_range	24	static
bmi160.c:3282:15:check_invalid_settg	24	static
bmi160.c:3310:15:set_gyro_conf	24	static
bmi160.c:3340:15:check_gyro_config	24	static
bmi160.c:3365:15:process_gyro_odr	24	static
bmi160.c:3393:15:process_gyro_bw	24	static
bmi160.c:3418:15:process_gyro_range	24	static
bmi160.c:3446:15:set_accel_pwr	24	static
bmi160.c:3481:15:process_under_sampling	24	static
bmi160.c:3527:15:set_gyro_pwr	24	static
bmi160.c:3569:15:get_accel_data	56	static
bmi160.c:3622:15:get_gyro_data	56	static
bmi160.c:3699:15:get_accel_gyro_data	56	static
bmi160.c:3770:15:enable_accel_any_motion_int	24	static
bmi160.c:3818:15:disable_sig_motion_int	24	static
bmi160.c:3846:15:map_feature_interrupt	24	static
bmi160.c:3891:15:map_hardware_interrupt	24	static
bmi160.c:3933:15:config_any_motion_src	24	static
bmi160.c:3958:15:config_any_dur_threshold	24	static
bmi160.c:3994:15:config_any_motion_int_settg	32	static
bmi160.c:4025:15:enable_data_ready_int	24	static
bmi160.c:4048:15:enable_no_motion_int	24	static
bmi160.c:4093:15:config_no_motion_int_settg	32	static
bmi160.c:4120:15:config_no_motion_data_src	24	static
bmi160.c:4145:15:config_no_motion_dur_thr	24	static
bmi160.c:4197:15:enable_sig_motion_int	24	static
bmi160.c:4235:15:config_sig_motion_int_settg	32	static
bmi160.c:4263:15:config_sig_motion_data_src	24	static
bmi160.c:4288:15:config_sig_dur_threshold	24	static
bmi160.c:4331:15:enable_step_detect_int	24	static
bmi160.c:4355:15:config_step_detect	24	static
bmi160.c:4411:15:enable_tap_int	32	static
bmi160.c:4445:15:config_tap_int_settg	32	static
bmi160.c:4473:15:config_tap_data_src	24	static
bmi160.c:4497:15:config_tap_param	40	static
bmi160.c:4549:15:config_sec_if	24	static
bmi160.c:4576:15:config_aux_odr	24	static
bmi160.c:4598:15:map_read_len	24	static
bmi160.c:4627:15:config_aux_settg	24	static
bmi160.c:4644:15:extract_aux_read	40	static
bmi160.c:4701:15:enable_orient_int	24	static
bmi160.c:4724:15:config_orient_int_settg	24	static
bmi160.c:4776:15:enable_flat_int	24	static
bmi160.c:4799:15:config_flat_int_settg	24	static
bmi160.c:4838:15:enable_low_g_int	24	static
bmi160.c:4862:15:config_low_g_data_src	24	static
bmi160.c:4885:15:config_low_g_int_settg	24	static
bmi160.c:4920:15:enable_high_g_int	24	static
bmi160.c:4953:15:config_high_g_data_src	24	static
bmi160.c:4977:15:config_high_g_int_settg	24	static
bmi160.c:5006:15:config_int_out_ctrl	32	static
bmi160.c:5067:15:config_int_latch	32	static
bmi160.c:5113:15:perform_accel_self_test	48	static
bmi160.c:5143:15:enable_accel_self_test	24	static
bmi160.c:5168:15:accel_self_test_positive_excitation	24	static
bmi160.c:5190:15:accel_self_test_negative_excitation	24	static
bmi160.c:5212:15:validate_accel_self_test	24	static
bmi160.c:5236:15:perform_gyro_self_test	24	static
bmi160.c:5257:15:enable_gyro_self_test	24	static
bmi160.c:5281:15:validate_gyro_self_test	24	static
bmi160.c:5311:15:set_fifo_full_int	24	static
bmi160.c:5341:15:enable_fifo_full_int	24	static
bmi160.c:5363:15:set_fifo_watermark_int	24	static
bmi160.c:5392:15:enable_fifo_wtm_int	24	static
bmi160.c:5413:13:reset_fifo_data_structure	16	static
bmi160.c:5428:15:get_fifo_byte_counter	24	static
bmi160.c:5447:13:get_accel_len_to_parse	24	static
bmi160.c:5490:13:unpack_accel_frame	24	static
bmi160.c:5591:13:unpack_accel_data	32	static
bmi160.c:5618:13:extract_accel_header_mode	40	static
bmi160.c:5692:13:get_gyro_len_to_parse	24	static
bmi160.c:5735:13:unpack_gyro_frame	24	static
bmi160.c:5840:13:unpack_gyro_data	32	static
bmi160.c:5867:13:extract_gyro_header_mode	40	static
bmi160.c:5941:13:get_aux_len_to_parse	24	static
bmi160.c:5984:13:unpack_aux_frame	24	static
bmi160.c:6091:13:unpack_aux_data	24	static
bmi160.c:6108:13:extract_aux_header_mode	40	static
bmi160.c:6184:13:check_frame_validity	16	static
bmi160.c:6203:13:move_next_frame	24	static
bmi160.c:6222:13:unpack_sensortime_frame	24	static
bmi160.c:6250:13:unpack_skipped_frame	16	static
bmi160.c:6270:15:get_foc_status	24	static
bmi160.c:6289:15:configure_offset_enable	24	static
bmi160.c:6319:15:trigger_foc	40	static
