main.c:120:9:validate	32	static
main.c:156:6:HAL_UART_RxCpltCallback	16	static
main.c:178:6:increaseEchoDelayTime	16	static
main.c:189:6:startPreEchoDelayTime	8	static
main.c:193:6:startPostEchoDelayTime	8	static
main.c:203:6:endEchoDelayTime	8	static
main.c:215:6:HAL_GPIO_EXTI_Callback	16	static
main.c:232:6:HAL_TIM_PeriodElapsedCallback	16	static
main.c:243:9:bmi160_I2Cwrite	40	static
main.c:248:9:bmi160_I2Cread	40	static
main.c:253:7:altitude	32	static
main.c:267:6:writeToSD	24	static,ignoring_inline_asm
main.c:277:10:crc16	24	static
main.c:297:6:bmp280__init	8	static
main.c:306:8:bmi160__init	16	static
main.c:330:10:lora__init	16	static
main.c:355:5:main	264	static
main.c:579:6:SystemClock_Config	104	static
main.c:635:6:Error_Handler	4	static,ignoring_inline_asm
