main.c:122:9:validate	32	static
main.c:158:6:HAL_UART_RxCpltCallback	16	static
main.c:180:6:increaseEchoDelayTime	16	static
main.c:191:6:startPreEchoDelayTime	8	static
main.c:195:6:startPostEchoDelayTime	8	static
main.c:205:6:endEchoDelayTime	8	static
main.c:217:6:HAL_GPIO_EXTI_Callback	16	static
main.c:234:6:HAL_TIM_PeriodElapsedCallback	16	static
main.c:245:9:bmi160_I2Cwrite	40	static
main.c:250:9:bmi160_I2Cread	40	static
main.c:255:7:altitude	24	static
main.c:268:6:writeToSD	24	static,ignoring_inline_asm
main.c:278:10:crc16	24	static
main.c:298:6:bmp280__init	8	static
main.c:307:8:bmi160__init	16	static
main.c:331:10:lora__init	16	static
main.c:356:5:main	264	static
main.c:579:6:SystemClock_Config	104	static
main.c:635:6:Error_Handler	4	static,ignoring_inline_asm
